Microchip MPLAB XC8 Compiler V2.30

Linker command line:

-W-3 --edf=/opt/microchip/xc8/v2.30/pic/dat/en_msgs.txt -cn \
  -h+dist/UploadToBoard/debug/the3.debug.sym \
  --cmf=dist/UploadToBoard/debug/the3.debug.cmf -z -Q18F8722 \
  -o/tmp/xcXKeNEdI --defsym=__MPLAB_BUILD=1 \
  -Mdist/UploadToBoard/debug/the3.debug.map -E1 -ver=XC8 Compiler \
  --acfsm=1493 -ASTACK=0300h-0EF3h -pstack=STACK -ACODE=00h-01FD2Fh \
  -ACONST=00h-01FD2Fh -ASMALLCONST=01000h-010FFhx493,01FD00h-01FD2Fh \
  -AMEDIUMCONST=01000h-0FFFFh,011000h-01FD2Fh -ACOMRAM=01h-05Fh \
  -AABS1=00h-0EF3h,0F00h-0F5Fh -ABIGRAM=01h-0EF3h,0F00h-0F5Fh \
  -ARAM=060h-0FFh,0100h-01FFhx13,0E00h-0EF3h,0F00h-0F5Fh -ABANK0=060h-0FFh \
  -ABANK1=0100h-01FFh -ABANK2=0200h-02FFh -ABANK3=0300h-03FFh \
  -ABANK4=0400h-04FFh -ABANK5=0500h-05FFh -ABANK6=0600h-06FFh \
  -ABANK7=0700h-07FFh -ABANK8=0800h-08FFh -ABANK9=0900h-09FFh \
  -ABANK10=0A00h-0AFFh -ABANK11=0B00h-0BFFh -ABANK12=0C00h-0CFFh \
  -ABANK13=0D00h-0DFFh -ABANK14=0E00h-0EF3h -ABANK15=0F00h-0F5Fh \
  -ASFR=0F60h-0F9Bh,0F9Dh-0FD3h,0FD5h-0FDAh,0FE0h-0FE2h,0FE8h-0FEAh,0FF0h-0FFCh \
  -ACONFIG=0300000h-030000Dh -AIDLOC=0200000h-0200007h \
  -AEEDATA=0F00000h-0F003FFh -peeprom_data=EEDATA \
  -preset_vec=00h,intcode=08h,intcodelo,powerup,init -pramtop=01000h \
  -psmallconst=SMALLCONST -pmediumconst=MEDIUMCONST -pconst=CONST \
  -AFARRAM=00h-00h \
  -prdata=COMRAM,nvrram=COMRAM,nvbit=COMRAM,rbss=COMRAM,rbit=COMRAM \
  -pfarbss=FARRAM,fardata=FARRAM,nvFARRAM=FARRAM \
  -pintsave_regs=BIGRAM,bigbss=BIGRAM,bigdata=BIGRAM -pbss=RAM \
  -pidata=CODE,irdata=CODE,ibigdata=CODE,ifardata=CODE -prparam=COMRAM \
  /tmp/xcXliEpBk.o dist/UploadToBoard/debug/the3.debug.o 

Object code version is 3.11

Machine type is 18F8722



                Name                               Link     Load   Length Selector   Space Scale
/tmp/xcXliEpBk.o
                idloc                            200000   200000        8        0       5
                config                           300000   300000        E        0       4
                init                                  E        E        4        4       0
                reset_vec                             0        0        4        0       0
dist/UploadToBoard/debug/the3.debug.o
                intcode                               8        8        6        4       0
                idloc                            200000   200000        8        0       5
                config                           300000   300000        E        0       4
                temp                                 59       59        1        1       1
                smallconst                         1000     1000       20      800       0
                text26                             27E4     27E4       90      810       0
                text25                             2AAE     2AAE       42      810       0
                text24                             24A0     24A0       B8      810       0
                text23                             23DC     23DC       C4      810       0
                text22                             2558     2558       B0      810       0
                text21                             274C     274C       98      810       0
                text20                             26B2     26B2       9A      810       0
                text19                             2AF0     2AF0       3E      810       0
                text18                             2B8C     2B8C       26      810       0
                text17                             1F78     1F78      15E      810       0
                text16                             221E     221E       F6      810       0
                text15                             1E14     1E14      164      810       0
                text14                             2874     2874       7C      810       0
                text13                             1020     1020      BCA      810       0
                text12                             29C8     29C8       56      810       0
                text11                             2A68     2A68       46      810       0
                text10                             2608     2608       AA      810       0
                text9                              2B2E     2B2E       36      810       0
                text8                              28F0     28F0       74      810       0
                text7                              2964     2964       64      810       0
                text6                              1BEA     1BEA      22A      810       0
                intcode_body                       20D6     20D6      148      810       0
                text4                              2BB2     2BB2       1C      810       0
                text3                              2B64     2B64       28      810       0
                text2                              2314     2314       C8      810       0
                text1                              2BE2     2BE2        E      810       0
                text0                              2BCE     2BCE       14      810       0
                cstackCOMRAM                          1        1       3D        1       1
                cstackBANK0                          AC       AC        8       60       1
                bssBANK2                            200      200      100      200       1
                bssBANK1                            100      100       FE      100       1
                bssBANK0                             60       60       4C       60       1
                bssCOMRAM                            3E       3E       1B        1       1
                cinit                              2A1E     2A1E       4A      810       0

TOTAL           Name                               Link     Load   Length     Space
        CLASS   STACK          

        CLASS   CODE           
                intcode                               8        8        6         0
                init                                  E        E        4         0
                reset_vec                             0        0        4         0
                text26                             27E4     27E4       90         0
                text25                             2AAE     2AAE       42         0
                text24                             24A0     24A0       B8         0
                text23                             23DC     23DC       C4         0
                text22                             2558     2558       B0         0
                text21                             274C     274C       98         0
                text20                             26B2     26B2       9A         0
                text19                             2AF0     2AF0       3E         0
                text18                             2B8C     2B8C       26         0
                text17                             1F78     1F78      15E         0
                text16                             221E     221E       F6         0
                text15                             1E14     1E14      164         0
                text14                             2874     2874       7C         0
                text13                             1020     1020      BCA         0
                text12                             29C8     29C8       56         0
                text11                             2A68     2A68       46         0
                text10                             2608     2608       AA         0
                text9                              2B2E     2B2E       36         0
                text8                              28F0     28F0       74         0
                text7                              2964     2964       64         0
                text6                              1BEA     1BEA      22A         0
                intcode_body                       20D6     20D6      148         0
                text4                              2BB2     2BB2       1C         0
                text3                              2B64     2B64       28         0
                text2                              2314     2314       C8         0
                text1                              2BE2     2BE2        E         0
                text0                              2BCE     2BCE       14         0
                cinit                              2A1E     2A1E       4A         0

        CLASS   CONST          

        CLASS   SMALLCONST     
                smallconst                         1000     1000       20         0

        CLASS   MEDIUMCONST    

        CLASS   COMRAM         
                temp                                 59       59        1         1
                cstackCOMRAM                          1        1       3D         1
                bssCOMRAM                            3E       3E       1B         1

        CLASS   ABS1           

        CLASS   BIGRAM         

        CLASS   RAM            

        CLASS   BANK0          
                cstackBANK0                          AC       AC        8         1
                bssBANK0                             60       60       4C         1

        CLASS   BANK1          
                bssBANK1                            100      100       FE         1

        CLASS   BANK2          
                bssBANK2                            200      200      100         1

        CLASS   BANK3          

        CLASS   BANK4          

        CLASS   BANK5          

        CLASS   BANK6          

        CLASS   BANK7          

        CLASS   BANK8          

        CLASS   BANK9          

        CLASS   BANK10         

        CLASS   BANK11         

        CLASS   BANK12         

        CLASS   BANK13         

        CLASS   BANK14         

        CLASS   BANK15         

        CLASS   SFR            

        CLASS   CONFIG         
                config                           300000   300000        E         4

        CLASS   IDLOC          
                idloc                            200000   200000        8         5

        CLASS   EEDATA         

        CLASS   FARRAM         



SEGMENTS        Name                           Load    Length   Top    Selector   Space  Class

                bssBANK1                       000100  0000FE  0001FE       100       1  BANK1   
                bssBANK2                       000200  000100  000300       200       1  BANK2   
                text13                         001020  001BD0  002BF0       810       0  CODE    
                reset_vec                      000000  000004  000004         0       0  CODE    
                intcode                        000008  00000A  000012         4       0  CODE    
                smallconst                     001000  000020  001020       800       0  SMALLCON
                bssBANK0                       000060  000054  0000B4        60       1  BANK0   
                cstackCOMRAM                   000001  000059  00005A         1       1  COMRAM  


UNUSED ADDRESS RANGES

        Name                Unused          Largest block    Delta
        BANK0            0000B4-0000FF               4C
        BANK1            0001FE-0001FF                2
        BANK10           000A00-000AFF              100
        BANK11           000B00-000BFF              100
        BANK12           000C00-000CFF              100
        BANK13           000D00-000DFF              100
        BANK14           000E00-000EF3               F4
        BANK15           000F00-000F5F               60
        BANK3            000300-0003FF              100
        BANK4            000400-0004FF              100
        BANK5            000500-0005FF              100
        BANK6            000600-0006FF              100
        BANK7            000700-0007FF              100
        BANK8            000800-0008FF              100
        BANK9            000900-0009FF              100
        BIGRAM           00005A-00005F                6
                         0000B4-0000FF               4C
                         0001FE-0001FF                2
                         000300-000EF3              BF4
                         000F00-000F5F               60
        CODE             000004-000007                4
                         000012-000FFF              FEE
                         002BF0-01FD2F            1D140
        COMRAM           00005A-00005F                6
        CONST            000004-000007                4
                         000012-000FFF              FEE
                         002BF0-01FD2F            1D140
        EEDATA           F00000-F003FF              400
        MEDIUMCONST      002BF0-00FFFF             D410
                         011000-01FD2F             ED30
        RAM              0000B4-0000FF               4C
                         0001FE-0001FF                2
                         000300-000EF3              100
                         000F00-000F5F               60
        SFR              000F60-000F9B               3C
                         000F9D-000FD3               37
                         000FD5-000FDA                6
                         000FE0-000FE2                3
                         000FE8-000FEA                3
                         000FF0-000FFC                D
        SMALLCONST       002BF0-01FD2F              100
        STACK            000300-000EF3              BF4

                                  Symbol Table

?___awdiv                     cstackCOMRAM 000007
?___awmod                     cstackCOMRAM 00000F
?___lwdiv                     cstackCOMRAM 000001
?___lwmod                     cstackCOMRAM 000008
?___wmul                      cstackBANK0  0000AC
?_buf_isempty                 cstackCOMRAM 000001
?_dequeue                     cstackCOMRAM 000001
?_find_available_slot         cstackCOMRAM 000007
?_find_subscribed             cstackCOMRAM 000007
?_is_same                     cstackCOMRAM 000001
?i2___wmul                    cstackCOMRAM 000001
_ADCON0bits                   (abs)        000FC2
_ADCON1                       (abs)        000FC1
_ADCON2                       (abs)        000FC0
_ADRESH                       (abs)        000FC4
_ADRESL                       (abs)        000FC3
_BAUDCON1bits                 (abs)        000F7E
_HandleInterrupt              intcode      000008
_INTCONbits                   (abs)        000FF2
_LATHbits                     (abs)        000F90
_LATJ                         (abs)        000F91
_PIE1bits                     (abs)        000F9D
_PIR1                         (abs)        000F9E
_PIR1bits                     (abs)        000F9E
_PORTBbits                    (abs)        000F81
_RCREG1                       (abs)        000FAE
_RCSTA1                       (abs)        000FAB
_SPBRG1                       (abs)        000FAF
_SPBRGH1                      (abs)        000F7F
_T0CON                        (abs)        000FD5
_T0CONbits                    (abs)        000FD5
_TMR0H                        (abs)        000FD7
_TMR0L                        (abs)        000FD6
_TRISB                        (abs)        000F93
_TRISH                        (abs)        000F99
_TRISJ                        (abs)        000F9A
_TXREG1                       (abs)        000FAD
_TXSTA1                       (abs)        000FAC
_TXSTA1bits                   (abs)        000FAC
__HRAM                        (abs)        000000
__Habs1                       abs1         000000
__Hbank0                      bank0        000000
__Hbank1                      bank1        000000
__Hbank10                     bank10       000000
__Hbank11                     bank11       000000
__Hbank12                     bank12       000000
__Hbank13                     bank13       000000
__Hbank14                     bank14       000000
__Hbank15                     bank15       000000
__Hbank2                      bank2        000000
__Hbank3                      bank3        000000
__Hbank4                      bank4        000000
__Hbank5                      bank5        000000
__Hbank6                      bank6        000000
__Hbank7                      bank7        000000
__Hbank8                      bank8        000000
__Hbank9                      bank9        000000
__Hbigbss                     bigbss       000000
__Hbigdata                    bigdata      000000
__Hbigram                     bigram       000000
__Hbss                        bss          000000
__HbssBANK0                   bssBANK0     000000
__HbssBANK1                   bssBANK1     000000
__HbssBANK2                   bssBANK2     000000
__HbssCOMRAM                  bssCOMRAM    000000
__Hcinit                      cinit        000000
__Hclrtext                    clrtext      000000
__Hcomram                     comram       000000
__Hconfig                     config       30000E
__Hconst                      const        000000
__HcstackBANK0                cstackBANK0  000000
__HcstackCOMRAM               cstackCOMRAM 000000
__Hdata                       data         000000
__Heeprom_data                eeprom_data  000000
__Hfarbss                     farbss       000000
__Hfardata                    fardata      000000
__Hibigdata                   ibigdata     000000
__Hidata                      idata        000000
__Hidloc                      idloc        200008
__Hifardata                   ifardata     000000
__Hinit                       init         000012
__Hintcode                    intcode      00000E
__Hintcode_body               intcode_body 000000
__Hintcodelo                  intcodelo    00000E
__Hintentry                   intentry     000000
__Hintret                     intret       000000
__Hintsave_regs               intsave_regs 000000
__Hirdata                     irdata       000000
__Hmediumconst                mediumconst  000000
__HnvFARRAM                   nvFARRAM     000000
__Hnvbit                      nvbit        000000
__Hnvrram                     nvrram       000000
__Hparam                      rparam       000000
__Hpowerup                    powerup      00000E
__Hram                        ram          000000
__Hramtop                     ramtop       001000
__Hrbit                       rbit         000000
__Hrbss                       rbss         000000
__Hrdata                      rdata        000000
__Hreset_vec                  reset_vec    000004
__Hrparam                     rparam       000000
__Hsfr                        sfr          000000
__Hsmallconst                 smallconst   001020
__Hspace_0                    (abs)        002BF0
__Hspace_1                    (abs)        000300
__Hspace_2                    (abs)        000000
__Hspace_4                    (abs)        60000E
__Hstack                      stack        000000
__Hstruct                     struct       000000
__Htemp                       temp         00005A
__Htext                       text         000000
__Htext0                      text0        000000
__Htext1                      text1        000000
__Htext10                     text10       000000
__Htext11                     text11       000000
__Htext12                     text12       000000
__Htext13                     text13       000000
__Htext14                     text14       000000
__Htext15                     text15       000000
__Htext16                     text16       000000
__Htext17                     text17       000000
__Htext18                     text18       000000
__Htext19                     text19       000000
__Htext2                      text2        000000
__Htext20                     text20       000000
__Htext21                     text21       000000
__Htext22                     text22       000000
__Htext23                     text23       000000
__Htext24                     text24       000000
__Htext25                     text25       000000
__Htext26                     text26       000000
__Htext3                      text3        000000
__Htext4                      text4        000000
__Htext6                      text6        000000
__Htext7                      text7        000000
__Htext8                      text8        000000
__Htext9                      text9        000000
__LRAM                        (abs)        000001
__Labs1                       abs1         000000
__Lbank0                      bank0        000000
__Lbank1                      bank1        000000
__Lbank10                     bank10       000000
__Lbank11                     bank11       000000
__Lbank12                     bank12       000000
__Lbank13                     bank13       000000
__Lbank14                     bank14       000000
__Lbank15                     bank15       000000
__Lbank2                      bank2        000000
__Lbank3                      bank3        000000
__Lbank4                      bank4        000000
__Lbank5                      bank5        000000
__Lbank6                      bank6        000000
__Lbank7                      bank7        000000
__Lbank8                      bank8        000000
__Lbank9                      bank9        000000
__Lbigbss                     bigbss       000000
__Lbigdata                    bigdata      000000
__Lbigram                     bigram       000000
__Lbss                        bss          000000
__LbssBANK0                   bssBANK0     000000
__LbssBANK1                   bssBANK1     000000
__LbssBANK2                   bssBANK2     000000
__LbssCOMRAM                  bssCOMRAM    000000
__Lcinit                      cinit        000000
__Lclrtext                    clrtext      000000
__Lcomram                     comram       000000
__Lconfig                     config       000000
__Lconst                      const        000000
__LcstackBANK0                cstackBANK0  000000
__LcstackCOMRAM               cstackCOMRAM 000000
__Ldata                       data         000000
__Leeprom_data                eeprom_data  000000
__Lfarbss                     farbss       000000
__Lfardata                    fardata      000000
__Libigdata                   ibigdata     000000
__Lidata                      idata        000000
__Lidloc                      idloc        000000
__Lifardata                   ifardata     000000
__Linit                       init         00000E
__Lintcode                    intcode      000008
__Lintcode_body               intcode_body 000000
__Lintcodelo                  intcodelo    00000E
__Lintentry                   intentry     000000
__Lintret                     intret       000000
__Lintsave_regs               intsave_regs 000000
__Lirdata                     irdata       000000
__Lmediumconst                mediumconst  000000
__LnvFARRAM                   nvFARRAM     000000
__Lnvbit                      nvbit        000000
__Lnvrram                     nvrram       000000
__Lparam                      rparam       000000
__Lpowerup                    powerup      00000E
__Lram                        ram          000000
__Lramtop                     ramtop       001000
__Lrbit                       rbit         000000
__Lrbss                       rbss         000000
__Lrdata                      rdata        000000
__Lreset_vec                  reset_vec    000000
__Lrparam                     rparam       000000
__Lsfr                        sfr          000000
__Lsmallconst                 smallconst   001000
__Lspace_0                    (abs)        000000
__Lspace_1                    (abs)        000000
__Lspace_2                    (abs)        000000
__Lspace_4                    (abs)        000000
__Lstack                      stack        000000
__Lstruct                     struct       000000
__Ltemp                       temp         000059
__Ltext                       text         000000
__Ltext0                      text0        000000
__Ltext1                      text1        000000
__Ltext10                     text10       000000
__Ltext11                     text11       000000
__Ltext12                     text12       000000
__Ltext13                     text13       000000
__Ltext14                     text14       000000
__Ltext15                     text15       000000
__Ltext16                     text16       000000
__Ltext17                     text17       000000
__Ltext18                     text18       000000
__Ltext19                     text19       000000
__Ltext2                      text2        000000
__Ltext20                     text20       000000
__Ltext21                     text21       000000
__Ltext22                     text22       000000
__Ltext23                     text23       000000
__Ltext24                     text24       000000
__Ltext25                     text25       000000
__Ltext26                     text26       000000
__Ltext3                      text3        000000
__Ltext4                      text4        000000
__Ltext6                      text6        000000
__Ltext7                      text7        000000
__Ltext8                      text8        000000
__Ltext9                      text9        000000
__S0                          (abs)        002BF0
__S1                          (abs)        000300
__S2                          (abs)        000000
__S4                          (abs)        000000
__S5                          (abs)        000000
___awdiv                      text23       0023DC
___awdiv@counter              cstackCOMRAM 00000B
___awdiv@dividend             cstackCOMRAM 000007
___awdiv@divisor              cstackCOMRAM 000009
___awdiv@quotient             cstackCOMRAM 00000D
___awdiv@sign                 cstackCOMRAM 00000C
___awmod                      text22       002558
___awmod@counter              cstackCOMRAM 000013
___awmod@dividend             cstackCOMRAM 00000F
___awmod@divisor              cstackCOMRAM 000011
___awmod@sign                 cstackCOMRAM 000014
___extmem_base                (abs)        020000
___inthi_sp                   stack        000000
___intlo_sp                   stack        000000
___lwdiv                      text8        0028F0
___lwdiv@counter              cstackCOMRAM 000007
___lwdiv@dividend             cstackCOMRAM 000001
___lwdiv@divisor              cstackCOMRAM 000003
___lwdiv@quotient             cstackCOMRAM 000005
___lwmod                      text7        002964
___lwmod@counter              cstackCOMRAM 00000C
___lwmod@dividend             cstackCOMRAM 000008
___lwmod@divisor              cstackCOMRAM 00000A
___param_bank                 (abs)        000000
___rparam_used                (abs)        000001
___sp                         stack        000000
___wmul                       text3        002B64
___wmul@multiplicand          cstackBANK0  0000AE
___wmul@multiplier            cstackBANK0  0000AC
___wmul@product               cstackBANK0  0000B0
__accesstop                   (abs)        000060
__activetblptr                (abs)        000001
__end_of_HandleInterrupt      intcode_body 00221E
__end_of___awdiv              text23       0024A0
__end_of___awmod              text22       002608
__end_of___lwdiv              text8        002964
__end_of___lwmod              text7        0029C8
__end_of___wmul               text3        002B8C
__end_of__initialization      cinit        002A56
__end_of_buf_isempty          text25       002AF0
__end_of_buf_pop              text24       002558
__end_of_buf_push             text21       0027E4
__end_of_check_level          text26       002874
__end_of_dequeue              text20       00274C
__end_of_enqueue              text19       002B2E
__end_of_eval_message         text13       001BEA
__end_of_find_available_slot  text17       0020D6
__end_of_find_parked          text16       002314
__end_of_find_subscribed      text15       001F78
__end_of_handle_char          text11       002AAE
__end_of_init_adc             text4        002BCE
__end_of_init_others          text2        0023DC
__end_of_init_ports           text1        002BF0
__end_of_is_same              text14       0028F0
__end_of_main                 text0        002BE2
__end_of_receive_message      text12       002A1E
__end_of_seg_list             smallconst   00100B
__end_of_send_message         text10       0026B2
__end_of_transmit_isr         text9        002B64
__end_of_update_display       text6        001E14
__end_ofi2___wmul             text18       002BB2
__initialization              cinit        002A1E
__mediumconst                 mediumconst  000000
__pbssBANK0                   bssBANK0     000060
__pbssBANK1                   bssBANK1     000100
__pbssBANK2                   bssBANK2     000200
__pbssCOMRAM                  bssCOMRAM    00003E
__pcinit                      cinit        002A1E
__pcstackBANK0                cstackBANK0  0000AC
__pcstackCOMRAM               cstackCOMRAM 000001
__pintcode                    intcode      000008
__pintcode_body               intcode_body 0020D6
__psmallconst                 smallconst   001000
__ptext0                      text0        002BCE
__ptext1                      text1        002BE2
__ptext10                     text10       002608
__ptext11                     text11       002A68
__ptext12                     text12       0029C8
__ptext13                     text13       001020
__ptext14                     text14       002874
__ptext15                     text15       001E14
__ptext16                     text16       00221E
__ptext17                     text17       001F78
__ptext18                     text18       002B8C
__ptext19                     text19       002AF0
__ptext2                      text2        002314
__ptext20                     text20       0026B2
__ptext21                     text21       00274C
__ptext22                     text22       002558
__ptext23                     text23       0023DC
__ptext24                     text24       0024A0
__ptext25                     text25       002AAE
__ptext26                     text26       0027E4
__ptext3                      text3        002B64
__ptext4                      text4        002BB2
__ptext6                      text6        001BEA
__ptext7                      text7        002964
__ptext8                      text8        0028F0
__ptext9                      text9        002B2E
__ramtop                      ramtop       001000
__size_of_HandleInterrupt     (abs)        000000
__size_of___awdiv             (abs)        000000
__size_of___awmod             (abs)        000000
__size_of___lwdiv             (abs)        000000
__size_of___lwmod             (abs)        000000
__size_of___wmul              (abs)        000000
__size_of_buf_isempty         (abs)        000000
__size_of_buf_pop             (abs)        000000
__size_of_buf_push            (abs)        000000
__size_of_check_level         (abs)        000000
__size_of_dequeue             (abs)        000000
__size_of_enqueue             (abs)        000000
__size_of_eval_message        (abs)        000000
__size_of_find_available_slot (abs)        000000
__size_of_find_parked         (abs)        000000
__size_of_find_subscribed     (abs)        000000
__size_of_handle_char         (abs)        000000
__size_of_init_adc            (abs)        000000
__size_of_init_others         (abs)        000000
__size_of_init_ports          (abs)        000000
__size_of_is_same             (abs)        000000
__size_of_main                (abs)        000000
__size_of_receive_message     (abs)        000000
__size_of_send_message        (abs)        000000
__size_of_transmit_isr        (abs)        000000
__size_of_update_display      (abs)        000000
__size_ofi2___wmul            (abs)        000000
__smallconst                  smallconst   001000
_buf_isempty                  text25       002AAE
_buf_pop                      text24       0024A0
_buf_push                     text21       00274C
_buffer                       bssBANK0     000098
_check_level                  text26       0027E4
_chr_buf                      bssCOMRAM    000058
_current_level                bssCOMRAM    00004A
_dequeue                      text20       0026B2
_dest                         bssBANK0     000084
_display_counter              bssCOMRAM    000042
_display_mode                 bssCOMRAM    000040
_enqueue                      text19       002AF0
_eval_message                 text13       001020
_exit_flag                    bssCOMRAM    000048
_find_available_slot          text17       001F78
_find_parked                  text16       00221E
_find_subscribed              text15       001E14
_handle_char                  text11       002A68
_head                         bssCOMRAM    000054
_inbuf                        bssBANK2     000280
_init_adc                     text4        002BB2
_init_others                  text2        002314
_init_ports                   text1        002BE2
_is_same                      text14       002874
_level_counter                bssCOMRAM    000050
_main                         text0        002BCE
_message_counter              bssCOMRAM    00004C
_new_message_flag             bssCOMRAM    000044
_outbuf                       bssBANK2     000200
_park                         bssBANK1     000100
_q                            bssBANK0     000060
_receive_message              text12       0029C8
_run_flag                     bssCOMRAM    000056
_seg_list                     smallconst   001001
_send_message                 text10       002608
_tail                         bssCOMRAM    000052
_temp_id                      bssCOMRAM    000046
_time_counter                 bssCOMRAM    00004E
_total_score                  bssCOMRAM    00003E
_transmit_isr                 text9        002B2E
_update_display               text6        001BEA
btemp                         temp         000059
buf_isempty@typ               cstackCOMRAM 000005
buf_pop@buf                   cstackCOMRAM 000009
buf_pop@v                     cstackCOMRAM 000008
buf_push@buf                  cstackCOMRAM 000015
buf_push@v                    cstackCOMRAM 000018
check_level@adc_val           cstackCOMRAM 000003
dequeue@car_id                cstackCOMRAM 000004
dequeue@i                     cstackCOMRAM 000006
end_of_initialization         cinit        002A56
enqueue@car_id                cstackCOMRAM 000001
eval_message@fee              cstackCOMRAM 00001F
eval_message@id               cstackCOMRAM 000026
eval_message@id_676           cstackCOMRAM 00002A
eval_message@id_682           cstackCOMRAM 000021
eval_message@lvl_no           cstackCOMRAM 000025
eval_message@slot_no          cstackCOMRAM 000023
eval_message@tmp_lvl          cstackCOMRAM 00002D
eval_message@tmp_lvl_678      cstackCOMRAM 00002C
eval_message@tmp_slot         cstackCOMRAM 00002E
eval_message@tmp_slot_677     cstackCOMRAM 000028
find_available_slot@j         cstackCOMRAM 000011
find_available_slot@k         cstackCOMRAM 00000F
find_available_slot@level     cstackCOMRAM 000007
find_available_slot@slot      cstackCOMRAM 000009
find_parked@id                cstackCOMRAM 000007
find_parked@j                 cstackCOMRAM 000013
find_parked@k                 cstackCOMRAM 000011
find_parked@level             cstackCOMRAM 000009
find_parked@slot              cstackCOMRAM 00000B
find_subscribed@id            cstackCOMRAM 00000B
find_subscribed@j             cstackCOMRAM 000013
find_subscribed@k             cstackCOMRAM 000011
find_subscribed@level         cstackCOMRAM 000007
find_subscribed@slot          cstackCOMRAM 000009
handle_char@chr_buf           cstackCOMRAM 000033
i2___wmul                     text18       002B8C
i2___wmul@multiplicand        cstackCOMRAM 000003
i2___wmul@multiplier          cstackCOMRAM 000001
i2___wmul@product             cstackCOMRAM 000005
init_others@k                 cstackBANK0  0000B2
int$flags                     temp         000059
int_func                      intcode_body 0020D6
intlevel0                     text         000000
intlevel1                     text         000000
intlevel2                     text         000000
intlevel3                     text         000000
is_same@a                     cstackCOMRAM 000001
is_same@b                     cstackCOMRAM 000003
is_same@k                     cstackCOMRAM 00000A
is_same@n                     cstackCOMRAM 000005
receive_message@i             cstackCOMRAM 000031
stackhi                       (abs)        000EF3
stacklo                       (abs)        000300
start                         init         00000E
start_initialization          cinit        002A1E
ttemp5                        temp         00005A
ttemp6                        temp         00005D
ttemp7                        temp         000061
update_display@bit0           cstackCOMRAM 000018
update_display@bit1           cstackCOMRAM 000017
update_display@bit2           cstackCOMRAM 000016
update_display@bit3           cstackCOMRAM 000015
update_display@empty          cstackCOMRAM 000019
update_display@val            cstackCOMRAM 00001B
wtemp8                        temp         00005A


FUNCTION INFORMATION:

 *************** function _main *****************
 Defined at:
		line 494 in file "main.c"
 Parameters:    Size  Location     Type
		None
 Auto vars:     Size  Location     Type
		None
 Return value:  Size  Location     Type
                  1    wreg      void 
 Registers used:
		wreg, fsr2l, fsr2h, status,2, status,0, prodl, prodh, cstack
 Tracked objects:
		On entry : 
		On exit  : 
		Unchanged: 
 Data sizes:     COMRAM   BANK0   BANK1   BANK2   BANK3   BANK4   BANK5   BANK6   BANK7   BANK8   BANK9  BANK10  BANK11  BANK12  BANK13  BANK14  BANK15
      Params:         0       0       0       0       0       0       0       0       0       0       0       0       0       0       0       0       0
      Locals:         0       0       0       0       0       0       0       0       0       0       0       0       0       0       0       0       0
      Temps:          0       0       0       0       0       0       0       0       0       0       0       0       0       0       0       0       0
      Totals:         0       0       0       0       0       0       0       0       0       0       0       0       0       0       0       0       0
Total ram usage:        0 bytes
 Hardware stack levels required when called:    8
 This function calls:
		_init_adc
		_init_others
		_init_ports
 This function is called by:
		Startup code after reset
 This function uses a non-reentrant model


 *************** function _init_ports *****************
 Defined at:
		line 241 in file "main.c"
 Parameters:    Size  Location     Type
		None
 Auto vars:     Size  Location     Type
		None
 Return value:  Size  Location     Type
                  1    wreg      void 
 Registers used:
		wreg, status,2
 Tracked objects:
		On entry : 
		On exit  : 
		Unchanged: 
 Data sizes:     COMRAM   BANK0   BANK1   BANK2   BANK3   BANK4   BANK5   BANK6   BANK7   BANK8   BANK9  BANK10  BANK11  BANK12  BANK13  BANK14  BANK15
      Params:         0       0       0       0       0       0       0       0       0       0       0       0       0       0       0       0       0
      Locals:         0       0       0       0       0       0       0       0       0       0       0       0       0       0       0       0       0
      Temps:          0       0       0       0       0       0       0       0       0       0       0       0       0       0       0       0       0
      Totals:         0       0       0       0       0       0       0       0       0       0       0       0       0       0       0       0       0
Total ram usage:        0 bytes
 Hardware stack levels used:    1
 Hardware stack levels required when called:    6
 This function calls:
		Nothing
 This function is called by:
		_main
 This function uses a non-reentrant model


 *************** function _init_others *****************
 Defined at:
		line 248 in file "main.c"
 Parameters:    Size  Location     Type
		None
 Auto vars:     Size  Location     Type
  k               2    6[BANK0 ] int 
 Return value:  Size  Location     Type
                  1    wreg      void 
 Registers used:
		wreg, fsr2l, fsr2h, status,2, status,0, prodl, prodh, cstack
 Tracked objects:
		On entry : 
		On exit  : 
		Unchanged: 
 Data sizes:     COMRAM   BANK0   BANK1   BANK2   BANK3   BANK4   BANK5   BANK6   BANK7   BANK8   BANK9  BANK10  BANK11  BANK12  BANK13  BANK14  BANK15
      Params:         0       0       0       0       0       0       0       0       0       0       0       0       0       0       0       0       0
      Locals:         0       2       0       0       0       0       0       0       0       0       0       0       0       0       0       0       0
      Temps:          0       0       0       0       0       0       0       0       0       0       0       0       0       0       0       0       0
      Totals:         0       2       0       0       0       0       0       0       0       0       0       0       0       0       0       0       0
Total ram usage:        2 bytes
 Hardware stack levels used:    1
 Hardware stack levels required when called:    7
 This function calls:
		___wmul
 This function is called by:
		_main
 This function uses a non-reentrant model


 *************** function ___wmul *****************
 Defined at:
		line 15 in file "/opt/microchip/xc8/v2.30/pic/sources/c99/common/Umul16.c"
 Parameters:    Size  Location     Type
  multiplier      2    0[BANK0 ] unsigned int 
  multiplicand    2    2[BANK0 ] unsigned int 
 Auto vars:     Size  Location     Type
  product         2    4[BANK0 ] unsigned int 
 Return value:  Size  Location     Type
                  2    0[BANK0 ] unsigned int 
 Registers used:
		wreg, status,2, status,0, prodl, prodh
 Tracked objects:
		On entry : 
		On exit  : 
		Unchanged: 
 Data sizes:     COMRAM   BANK0   BANK1   BANK2   BANK3   BANK4   BANK5   BANK6   BANK7   BANK8   BANK9  BANK10  BANK11  BANK12  BANK13  BANK14  BANK15
      Params:         0       4       0       0       0       0       0       0       0       0       0       0       0       0       0       0       0
      Locals:         0       2       0       0       0       0       0       0       0       0       0       0       0       0       0       0       0
      Temps:          0       0       0       0       0       0       0       0       0       0       0       0       0       0       0       0       0
      Totals:         0       6       0       0       0       0       0       0       0       0       0       0       0       0       0       0       0
Total ram usage:        6 bytes
 Hardware stack levels used:    1
 Hardware stack levels required when called:    6
 This function calls:
		Nothing
 This function is called by:
		_init_others
 This function uses a non-reentrant model


 *************** function _init_adc *****************
 Defined at:
		line 232 in file "main.c"
 Parameters:    Size  Location     Type
		None
 Auto vars:     Size  Location     Type
		None
 Return value:  Size  Location     Type
                  1    wreg      void 
 Registers used:
		wreg, status,2
 Tracked objects:
		On entry : 
		On exit  : 
		Unchanged: 
 Data sizes:     COMRAM   BANK0   BANK1   BANK2   BANK3   BANK4   BANK5   BANK6   BANK7   BANK8   BANK9  BANK10  BANK11  BANK12  BANK13  BANK14  BANK15
      Params:         0       0       0       0       0       0       0       0       0       0       0       0       0       0       0       0       0
      Locals:         0       0       0       0       0       0       0       0       0       0       0       0       0       0       0       0       0
      Temps:          0       0       0       0       0       0       0       0       0       0       0       0       0       0       0       0       0
      Totals:         0       0       0       0       0       0       0       0       0       0       0       0       0       0       0       0       0
Total ram usage:        0 bytes
 Hardware stack levels used:    1
 Hardware stack levels required when called:    6
 This function calls:
		Nothing
 This function is called by:
		_main
 This function uses a non-reentrant model


 *************** function _HandleInterrupt *****************
 Defined at:
		line 453 in file "main.c"
 Parameters:    Size  Location     Type
		None
 Auto vars:     Size  Location     Type
		None
 Return value:  Size  Location     Type
                  1    wreg      void 
 Registers used:
		wreg, fsr1l, fsr1h, fsr2l, fsr2h, status,2, status,0, tblptrl, tblptrh, tblptru, prodl, prodh, cstack
 Tracked objects:
		On entry : 
		On exit  : 
		Unchanged: 
 Data sizes:     COMRAM   BANK0   BANK1   BANK2   BANK3   BANK4   BANK5   BANK6   BANK7   BANK8   BANK9  BANK10  BANK11  BANK12  BANK13  BANK14  BANK15
      Params:         0       0       0       0       0       0       0       0       0       0       0       0       0       0       0       0       0
      Locals:         0       0       0       0       0       0       0       0       0       0       0       0       0       0       0       0       0
      Temps:         10       0       0       0       0       0       0       0       0       0       0       0       0       0       0       0       0
      Totals:        10       0       0       0       0       0       0       0       0       0       0       0       0       0       0       0       0
Total ram usage:       10 bytes
 Hardware stack levels used:    1
 Hardware stack levels required when called:    5
 This function calls:
		_check_level
		_handle_char
		_send_message
		_transmit_isr
		_update_display
 This function is called by:
		Interrupt level 2
 This function uses a non-reentrant model


 *************** function _update_display *****************
 Defined at:
		line 135 in file "main.c"
 Parameters:    Size  Location     Type
		None
 Auto vars:     Size  Location     Type
  empty           2   24[COMRAM] int 
  val             2   26[COMRAM] unsigned short 
  bit0            1   23[COMRAM] unsigned char 
  bit1            1   22[COMRAM] unsigned char 
  bit2            1   21[COMRAM] unsigned char 
  bit3            1   20[COMRAM] unsigned char 
 Return value:  Size  Location     Type
                  1    wreg      void 
 Registers used:
		wreg, fsr2l, fsr2h, status,2, status,0, tblptrl, tblptrh, tblptru, prodl, prodh, cstack
 Tracked objects:
		On entry : 
		On exit  : 
		Unchanged: 
 Data sizes:     COMRAM   BANK0   BANK1   BANK2   BANK3   BANK4   BANK5   BANK6   BANK7   BANK8   BANK9  BANK10  BANK11  BANK12  BANK13  BANK14  BANK15
      Params:         0       0       0       0       0       0       0       0       0       0       0       0       0       0       0       0       0
      Locals:         8       0       0       0       0       0       0       0       0       0       0       0       0       0       0       0       0
      Temps:          0       0       0       0       0       0       0       0       0       0       0       0       0       0       0       0       0
      Totals:         8       0       0       0       0       0       0       0       0       0       0       0       0       0       0       0       0
Total ram usage:        8 bytes
 Hardware stack levels used:    1
 Hardware stack levels required when called:    1
 This function calls:
		___awdiv
		___awmod
		___lwdiv
		___lwmod
		i2___wmul
 This function is called by:
		_HandleInterrupt
 This function uses a non-reentrant model


 *************** function ___lwmod *****************
 Defined at:
		line 7 in file "/opt/microchip/xc8/v2.30/pic/sources/c99/common/lwmod.c"
 Parameters:    Size  Location     Type
  dividend        2    7[COMRAM] unsigned int 
  divisor         2    9[COMRAM] unsigned int 
 Auto vars:     Size  Location     Type
  counter         1   11[COMRAM] unsigned char 
 Return value:  Size  Location     Type
                  2    7[COMRAM] unsigned int 
 Registers used:
		wreg, status,2, status,0
 Tracked objects:
		On entry : 
		On exit  : 
		Unchanged: 
 Data sizes:     COMRAM   BANK0   BANK1   BANK2   BANK3   BANK4   BANK5   BANK6   BANK7   BANK8   BANK9  BANK10  BANK11  BANK12  BANK13  BANK14  BANK15
      Params:         4       0       0       0       0       0       0       0       0       0       0       0       0       0       0       0       0
      Locals:         1       0       0       0       0       0       0       0       0       0       0       0       0       0       0       0       0
      Temps:          0       0       0       0       0       0       0       0       0       0       0       0       0       0       0       0       0
      Totals:         5       0       0       0       0       0       0       0       0       0       0       0       0       0       0       0       0
Total ram usage:        5 bytes
 Hardware stack levels used:    1
 This function calls:
		Nothing
 This function is called by:
		_update_display
 This function uses a non-reentrant model


 *************** function ___lwdiv *****************
 Defined at:
		line 7 in file "/opt/microchip/xc8/v2.30/pic/sources/c99/common/lwdiv.c"
 Parameters:    Size  Location     Type
  dividend        2    0[COMRAM] unsigned int 
  divisor         2    2[COMRAM] unsigned int 
 Auto vars:     Size  Location     Type
  quotient        2    4[COMRAM] unsigned int 
  counter         1    6[COMRAM] unsigned char 
 Return value:  Size  Location     Type
                  2    0[COMRAM] unsigned int 
 Registers used:
		wreg, status,2, status,0
 Tracked objects:
		On entry : 
		On exit  : 
		Unchanged: 
 Data sizes:     COMRAM   BANK0   BANK1   BANK2   BANK3   BANK4   BANK5   BANK6   BANK7   BANK8   BANK9  BANK10  BANK11  BANK12  BANK13  BANK14  BANK15
      Params:         4       0       0       0       0       0       0       0       0       0       0       0       0       0       0       0       0
      Locals:         3       0       0       0       0       0       0       0       0       0       0       0       0       0       0       0       0
      Temps:          0       0       0       0       0       0       0       0       0       0       0       0       0       0       0       0       0
      Totals:         7       0       0       0       0       0       0       0       0       0       0       0       0       0       0       0       0
Total ram usage:        7 bytes
 Hardware stack levels used:    1
 This function calls:
		Nothing
 This function is called by:
		_update_display
 This function uses a non-reentrant model


 *************** function _transmit_isr *****************
 Defined at:
		line 437 in file "main.c"
 Parameters:    Size  Location     Type
		None
 Auto vars:     Size  Location     Type
		None
 Return value:  Size  Location     Type
                  1    wreg      void 
 Registers used:
		wreg, fsr1l, fsr1h, fsr2l, fsr2h, status,2, status,0, cstack
 Tracked objects:
		On entry : 
		On exit  : 
		Unchanged: 
 Data sizes:     COMRAM   BANK0   BANK1   BANK2   BANK3   BANK4   BANK5   BANK6   BANK7   BANK8   BANK9  BANK10  BANK11  BANK12  BANK13  BANK14  BANK15
      Params:         0       0       0       0       0       0       0       0       0       0       0       0       0       0       0       0       0
      Locals:         0       0       0       0       0       0       0       0       0       0       0       0       0       0       0       0       0
      Temps:          0       0       0       0       0       0       0       0       0       0       0       0       0       0       0       0       0
      Totals:         0       0       0       0       0       0       0       0       0       0       0       0       0       0       0       0       0
Total ram usage:        0 bytes
 Hardware stack levels used:    1
 Hardware stack levels required when called:    2
 This function calls:
		_buf_isempty
		_buf_pop
 This function is called by:
		_HandleInterrupt
 This function uses a non-reentrant model


 *************** function _send_message *****************
 Defined at:
		line 413 in file "main.c"
 Parameters:    Size  Location     Type
		None
 Auto vars:     Size  Location     Type
		None
 Return value:  Size  Location     Type
                  1    wreg      void 
 Registers used:
		wreg, fsr2l, fsr2h, status,2, status,0, cstack
 Tracked objects:
		On entry : 
		On exit  : 
		Unchanged: 
 Data sizes:     COMRAM   BANK0   BANK1   BANK2   BANK3   BANK4   BANK5   BANK6   BANK7   BANK8   BANK9  BANK10  BANK11  BANK12  BANK13  BANK14  BANK15
      Params:         0       0       0       0       0       0       0       0       0       0       0       0       0       0       0       0       0
      Locals:         0       0       0       0       0       0       0       0       0       0       0       0       0       0       0       0       0
      Temps:          0       0       0       0       0       0       0       0       0       0       0       0       0       0       0       0       0
      Totals:         0       0       0       0       0       0       0       0       0       0       0       0       0       0       0       0       0
Total ram usage:        0 bytes
 Hardware stack levels used:    1
 Hardware stack levels required when called:    1
 This function calls:
		___awdiv
		___awmod
		_buf_push
 This function is called by:
		_HandleInterrupt
 This function uses a non-reentrant model


 *************** function _handle_char *****************
 Defined at:
		line 274 in file "main.c"
 Parameters:    Size  Location     Type
  chr_buf         1    wreg     unsigned char 
 Auto vars:     Size  Location     Type
  chr_buf         1   50[COMRAM] unsigned char 
 Return value:  Size  Location     Type
                  1    wreg      void 
 Registers used:
		wreg, fsr1l, fsr1h, fsr2l, fsr2h, status,2, status,0, tblptrl, tblptrh, tblptru, prodl, prodh, cstack
 Tracked objects:
		On entry : 
		On exit  : 
		Unchanged: 
 Data sizes:     COMRAM   BANK0   BANK1   BANK2   BANK3   BANK4   BANK5   BANK6   BANK7   BANK8   BANK9  BANK10  BANK11  BANK12  BANK13  BANK14  BANK15
      Params:         0       0       0       0       0       0       0       0       0       0       0       0       0       0       0       0       0
      Locals:         1       0       0       0       0       0       0       0       0       0       0       0       0       0       0       0       0
      Temps:          0       0       0       0       0       0       0       0       0       0       0       0       0       0       0       0       0
      Totals:         1       0       0       0       0       0       0       0       0       0       0       0       0       0       0       0       0
Total ram usage:        1 bytes
 Hardware stack levels used:    1
 Hardware stack levels required when called:    4
 This function calls:
		_buf_push
		_receive_message
 This function is called by:
		_HandleInterrupt
 This function uses a non-reentrant model


 *************** function _receive_message *****************
 Defined at:
		line 285 in file "main.c"
 Parameters:    Size  Location     Type
		None
 Auto vars:     Size  Location     Type
  i               2   48[COMRAM] int 
 Return value:  Size  Location     Type
                  1    wreg      void 
 Registers used:
		wreg, fsr1l, fsr1h, fsr2l, fsr2h, status,2, status,0, tblptrl, tblptrh, tblptru, prodl, prodh, cstack
 Tracked objects:
		On entry : 
		On exit  : 
		Unchanged: 
 Data sizes:     COMRAM   BANK0   BANK1   BANK2   BANK3   BANK4   BANK5   BANK6   BANK7   BANK8   BANK9  BANK10  BANK11  BANK12  BANK13  BANK14  BANK15
      Params:         0       0       0       0       0       0       0       0       0       0       0       0       0       0       0       0       0
      Locals:         2       0       0       0       0       0       0       0       0       0       0       0       0       0       0       0       0
      Temps:          1       0       0       0       0       0       0       0       0       0       0       0       0       0       0       0       0
      Totals:         3       0       0       0       0       0       0       0       0       0       0       0       0       0       0       0       0
Total ram usage:        3 bytes
 Hardware stack levels used:    1
 Hardware stack levels required when called:    3
 This function calls:
		_buf_isempty
		_buf_pop
		_eval_message
 This function is called by:
		_handle_char
 This function uses a non-reentrant model


 *************** function _eval_message *****************
 Defined at:
		line 296 in file "main.c"
 Parameters:    Size  Location     Type
		None
 Auto vars:     Size  Location     Type
  fee             2   30[COMRAM] int 
  slot_no         2   34[COMRAM] int 
  id              2   32[COMRAM] int 
  lvl_no          1   36[COMRAM] unsigned char 
  id              2   41[COMRAM] int 
  tmp_slot        2   39[COMRAM] int 
  tmp_lvl         1   43[COMRAM] unsigned char 
  tmp_slot        2   45[COMRAM] int 
  id              2   37[COMRAM] int 
  tmp_lvl         1   44[COMRAM] unsigned char 
 Return value:  Size  Location     Type
                  1    wreg      void 
 Registers used:
		wreg, fsr1l, fsr1h, fsr2l, fsr2h, status,2, status,0, tblptrl, tblptrh, tblptru, prodl, prodh, cstack
 Tracked objects:
		On entry : 
		On exit  : 
		Unchanged: 
 Data sizes:     COMRAM   BANK0   BANK1   BANK2   BANK3   BANK4   BANK5   BANK6   BANK7   BANK8   BANK9  BANK10  BANK11  BANK12  BANK13  BANK14  BANK15
      Params:         0       0       0       0       0       0       0       0       0       0       0       0       0       0       0       0       0
      Locals:        17       0       0       0       0       0       0       0       0       0       0       0       0       0       0       0       0
      Temps:          6       0       0       0       0       0       0       0       0       0       0       0       0       0       0       0       0
      Totals:        23       0       0       0       0       0       0       0       0       0       0       0       0       0       0       0       0
Total ram usage:       23 bytes
 Hardware stack levels used:    1
 Hardware stack levels required when called:    2
 This function calls:
		___awdiv
		___awmod
		_buf_push
		_dequeue
		_enqueue
		_find_available_slot
		_find_parked
		_find_subscribed
		_is_same
		i2___wmul
 This function is called by:
		_receive_message
 This function uses a non-reentrant model


 *************** function _is_same *****************
 Defined at:
		line 225 in file "main.c"
 Parameters:    Size  Location     Type
  a               2    0[COMRAM] PTR const unsigned char 
		 -> buffer(20), 
  b               2    2[COMRAM] PTR const unsigned char 
		 -> STR_10(4), STR_8(4), STR_6(4), STR_4(4), 
		 -> STR_2(3), 
  n               2    4[COMRAM] int 
 Auto vars:     Size  Location     Type
  k               2    9[COMRAM] int 
 Return value:  Size  Location     Type
                  2    0[COMRAM] int 
 Registers used:
		wreg, fsr2l, fsr2h, status,2, status,0, tblptrl, tblptrh, tblptru
 Tracked objects:
		On entry : 
		On exit  : 
		Unchanged: 
 Data sizes:     COMRAM   BANK0   BANK1   BANK2   BANK3   BANK4   BANK5   BANK6   BANK7   BANK8   BANK9  BANK10  BANK11  BANK12  BANK13  BANK14  BANK15
      Params:         6       0       0       0       0       0       0       0       0       0       0       0       0       0       0       0       0
      Locals:         2       0       0       0       0       0       0       0       0       0       0       0       0       0       0       0       0
      Temps:          3       0       0       0       0       0       0       0       0       0       0       0       0       0       0       0       0
      Totals:        11       0       0       0       0       0       0       0       0       0       0       0       0       0       0       0       0
Total ram usage:       11 bytes
 Hardware stack levels used:    1
 This function calls:
		Nothing
 This function is called by:
		_eval_message
 This function uses a non-reentrant model


 *************** function _find_subscribed *****************
 Defined at:
		line 110 in file "main.c"
 Parameters:    Size  Location     Type
  level           2    6[COMRAM] PTR unsigned char 
		 -> eval_message@tmp_lvl(1), 
  slot            2    8[COMRAM] PTR int 
		 -> eval_message@tmp_slot(2), 
  id              2   10[COMRAM] int 
 Auto vars:     Size  Location     Type
  j               2   18[COMRAM] int 
  k               2   16[COMRAM] int 
 Return value:  Size  Location     Type
                  2    6[COMRAM] int 
 Registers used:
		wreg, fsr1l, fsr1h, fsr2l, fsr2h, status,2, status,0, prodl, prodh, cstack
 Tracked objects:
		On entry : 
		On exit  : 
		Unchanged: 
 Data sizes:     COMRAM   BANK0   BANK1   BANK2   BANK3   BANK4   BANK5   BANK6   BANK7   BANK8   BANK9  BANK10  BANK11  BANK12  BANK13  BANK14  BANK15
      Params:         6       0       0       0       0       0       0       0       0       0       0       0       0       0       0       0       0
      Locals:         4       0       0       0       0       0       0       0       0       0       0       0       0       0       0       0       0
      Temps:          4       0       0       0       0       0       0       0       0       0       0       0       0       0       0       0       0
      Totals:        14       0       0       0       0       0       0       0       0       0       0       0       0       0       0       0       0
Total ram usage:       14 bytes
 Hardware stack levels used:    1
 Hardware stack levels required when called:    1
 This function calls:
		i2___wmul
 This function is called by:
		_eval_message
 This function uses a non-reentrant model


 *************** function _find_parked *****************
 Defined at:
		line 123 in file "main.c"
 Parameters:    Size  Location     Type
  id              2    6[COMRAM] int 
  level           2    8[COMRAM] PTR unsigned char 
		 -> eval_message@tmp_lvl_678(1), 
  slot            2   10[COMRAM] PTR int 
		 -> eval_message@tmp_slot_677(2), 
 Auto vars:     Size  Location     Type
  j               2   18[COMRAM] int 
  k               2   16[COMRAM] int 
 Return value:  Size  Location     Type
                  1    wreg      void 
 Registers used:
		wreg, fsr1l, fsr1h, fsr2l, fsr2h, status,2, status,0, prodl, prodh, cstack
 Tracked objects:
		On entry : 
		On exit  : 
		Unchanged: 
 Data sizes:     COMRAM   BANK0   BANK1   BANK2   BANK3   BANK4   BANK5   BANK6   BANK7   BANK8   BANK9  BANK10  BANK11  BANK12  BANK13  BANK14  BANK15
      Params:         6       0       0       0       0       0       0       0       0       0       0       0       0       0       0       0       0
      Locals:         4       0       0       0       0       0       0       0       0       0       0       0       0       0       0       0       0
      Temps:          4       0       0       0       0       0       0       0       0       0       0       0       0       0       0       0       0
      Totals:        14       0       0       0       0       0       0       0       0       0       0       0       0       0       0       0       0
Total ram usage:       14 bytes
 Hardware stack levels used:    1
 Hardware stack levels required when called:    1
 This function calls:
		i2___wmul
 This function is called by:
		_eval_message
 This function uses a non-reentrant model


 *************** function _find_available_slot *****************
 Defined at:
		line 97 in file "main.c"
 Parameters:    Size  Location     Type
  level           2    6[COMRAM] PTR unsigned char 
		 -> eval_message@tmp_lvl(1), 
  slot            2    8[COMRAM] PTR int 
		 -> eval_message@tmp_slot(2), 
 Auto vars:     Size  Location     Type
  j               2   16[COMRAM] int 
  k               2   14[COMRAM] int 
 Return value:  Size  Location     Type
                  2    6[COMRAM] int 
 Registers used:
		wreg, fsr1l, fsr1h, fsr2l, fsr2h, status,2, status,0, prodl, prodh, cstack
 Tracked objects:
		On entry : 
		On exit  : 
		Unchanged: 
 Data sizes:     COMRAM   BANK0   BANK1   BANK2   BANK3   BANK4   BANK5   BANK6   BANK7   BANK8   BANK9  BANK10  BANK11  BANK12  BANK13  BANK14  BANK15
      Params:         4       0       0       0       0       0       0       0       0       0       0       0       0       0       0       0       0
      Locals:         4       0       0       0       0       0       0       0       0       0       0       0       0       0       0       0       0
      Temps:          4       0       0       0       0       0       0       0       0       0       0       0       0       0       0       0       0
      Totals:        12       0       0       0       0       0       0       0       0       0       0       0       0       0       0       0       0
Total ram usage:       12 bytes
 Hardware stack levels used:    1
 Hardware stack levels required when called:    1
 This function calls:
		i2___wmul
 This function is called by:
		_eval_message
 This function uses a non-reentrant model


 *************** function i2___wmul *****************
 Defined at:
		line 15 in file "/opt/microchip/xc8/v2.30/pic/sources/c99/common/Umul16.c"
 Parameters:    Size  Location     Type
  multiplier      2    0[COMRAM] unsigned int 
  multiplicand    2    2[COMRAM] unsigned int 
 Auto vars:     Size  Location     Type
  product         2    4[COMRAM] unsigned int 
 Return value:  Size  Location     Type
                  2    0[COMRAM] unsigned int 
 Registers used:
		wreg, status,2, status,0, prodl, prodh
 Tracked objects:
		On entry : 
		On exit  : 
		Unchanged: 
 Data sizes:     COMRAM   BANK0   BANK1   BANK2   BANK3   BANK4   BANK5   BANK6   BANK7   BANK8   BANK9  BANK10  BANK11  BANK12  BANK13  BANK14  BANK15
      Params:         4       0       0       0       0       0       0       0       0       0       0       0       0       0       0       0       0
      Locals:         2       0       0       0       0       0       0       0       0       0       0       0       0       0       0       0       0
      Temps:          0       0       0       0       0       0       0       0       0       0       0       0       0       0       0       0       0
      Totals:         6       0       0       0       0       0       0       0       0       0       0       0       0       0       0       0       0
Total ram usage:        6 bytes
 Hardware stack levels used:    1
 This function calls:
		Nothing
 This function is called by:
		_find_available_slot
		_find_subscribed
		_find_parked
		_update_display
		_eval_message
 This function uses a non-reentrant model


 *************** function _enqueue *****************
 Defined at:
		line 181 in file "main.c"
 Parameters:    Size  Location     Type
  car_id          2    0[COMRAM] int 
 Auto vars:     Size  Location     Type
		None
 Return value:  Size  Location     Type
                  1    wreg      void 
 Registers used:
		wreg, fsr2l, fsr2h, status,2, status,0
 Tracked objects:
		On entry : 
		On exit  : 
		Unchanged: 
 Data sizes:     COMRAM   BANK0   BANK1   BANK2   BANK3   BANK4   BANK5   BANK6   BANK7   BANK8   BANK9  BANK10  BANK11  BANK12  BANK13  BANK14  BANK15
      Params:         2       0       0       0       0       0       0       0       0       0       0       0       0       0       0       0       0
      Locals:         0       0       0       0       0       0       0       0       0       0       0       0       0       0       0       0       0
      Temps:          0       0       0       0       0       0       0       0       0       0       0       0       0       0       0       0       0
      Totals:         2       0       0       0       0       0       0       0       0       0       0       0       0       0       0       0       0
Total ram usage:        2 bytes
 Hardware stack levels used:    1
 This function calls:
		Nothing
 This function is called by:
		_eval_message
 This function uses a non-reentrant model


 *************** function _dequeue *****************
 Defined at:
		line 188 in file "main.c"
 Parameters:    Size  Location     Type
		None
 Auto vars:     Size  Location     Type
  i               2    5[COMRAM] int 
  car_id          2    3[COMRAM] int 
 Return value:  Size  Location     Type
                  2    0[COMRAM] int 
 Registers used:
		wreg, fsr1l, fsr1h, fsr2l, fsr2h, status,2, status,0
 Tracked objects:
		On entry : 
		On exit  : 
		Unchanged: 
 Data sizes:     COMRAM   BANK0   BANK1   BANK2   BANK3   BANK4   BANK5   BANK6   BANK7   BANK8   BANK9  BANK10  BANK11  BANK12  BANK13  BANK14  BANK15
      Params:         2       0       0       0       0       0       0       0       0       0       0       0       0       0       0       0       0
      Locals:         4       0       0       0       0       0       0       0       0       0       0       0       0       0       0       0       0
      Temps:          1       0       0       0       0       0       0       0       0       0       0       0       0       0       0       0       0
      Totals:         7       0       0       0       0       0       0       0       0       0       0       0       0       0       0       0       0
Total ram usage:        7 bytes
 Hardware stack levels used:    1
 This function calls:
		Nothing
 This function is called by:
		_eval_message
 This function uses a non-reentrant model


 *************** function _buf_push *****************
 Defined at:
		line 205 in file "main.c"
 Parameters:    Size  Location     Type
  v               1    wreg     unsigned char 
  buf             1   20[COMRAM] enum E4894
 Auto vars:     Size  Location     Type
  v               1   23[COMRAM] unsigned char 
 Return value:  Size  Location     Type
                  1    wreg      void 
 Registers used:
		wreg, fsr2l, fsr2h, status,2, status,0
 Tracked objects:
		On entry : 
		On exit  : 
		Unchanged: 
 Data sizes:     COMRAM   BANK0   BANK1   BANK2   BANK3   BANK4   BANK5   BANK6   BANK7   BANK8   BANK9  BANK10  BANK11  BANK12  BANK13  BANK14  BANK15
      Params:         1       0       0       0       0       0       0       0       0       0       0       0       0       0       0       0       0
      Locals:         1       0       0       0       0       0       0       0       0       0       0       0       0       0       0       0       0
      Temps:          2       0       0       0       0       0       0       0       0       0       0       0       0       0       0       0       0
      Totals:         4       0       0       0       0       0       0       0       0       0       0       0       0       0       0       0       0
Total ram usage:        4 bytes
 Hardware stack levels used:    1
 This function calls:
		Nothing
 This function is called by:
		_handle_char
		_eval_message
		_send_message
 This function uses a non-reentrant model


 *************** function ___awmod *****************
 Defined at:
		line 7 in file "/opt/microchip/xc8/v2.30/pic/sources/c99/common/awmod.c"
 Parameters:    Size  Location     Type
  dividend        2   14[COMRAM] int 
  divisor         2   16[COMRAM] int 
 Auto vars:     Size  Location     Type
  sign            1   19[COMRAM] unsigned char 
  counter         1   18[COMRAM] unsigned char 
 Return value:  Size  Location     Type
                  2   14[COMRAM] int 
 Registers used:
		wreg, status,2, status,0
 Tracked objects:
		On entry : 
		On exit  : 
		Unchanged: 
 Data sizes:     COMRAM   BANK0   BANK1   BANK2   BANK3   BANK4   BANK5   BANK6   BANK7   BANK8   BANK9  BANK10  BANK11  BANK12  BANK13  BANK14  BANK15
      Params:         4       0       0       0       0       0       0       0       0       0       0       0       0       0       0       0       0
      Locals:         2       0       0       0       0       0       0       0       0       0       0       0       0       0       0       0       0
      Temps:          0       0       0       0       0       0       0       0       0       0       0       0       0       0       0       0       0
      Totals:         6       0       0       0       0       0       0       0       0       0       0       0       0       0       0       0       0
Total ram usage:        6 bytes
 Hardware stack levels used:    1
 This function calls:
		Nothing
 This function is called by:
		_update_display
		_eval_message
		_send_message
 This function uses a non-reentrant model


 *************** function ___awdiv *****************
 Defined at:
		line 7 in file "/opt/microchip/xc8/v2.30/pic/sources/c99/common/awdiv.c"
 Parameters:    Size  Location     Type
  dividend        2    6[COMRAM] int 
  divisor         2    8[COMRAM] int 
 Auto vars:     Size  Location     Type
  quotient        2   12[COMRAM] int 
  sign            1   11[COMRAM] unsigned char 
  counter         1   10[COMRAM] unsigned char 
 Return value:  Size  Location     Type
                  2    6[COMRAM] int 
 Registers used:
		wreg, status,2, status,0
 Tracked objects:
		On entry : 
		On exit  : 
		Unchanged: 
 Data sizes:     COMRAM   BANK0   BANK1   BANK2   BANK3   BANK4   BANK5   BANK6   BANK7   BANK8   BANK9  BANK10  BANK11  BANK12  BANK13  BANK14  BANK15
      Params:         4       0       0       0       0       0       0       0       0       0       0       0       0       0       0       0       0
      Locals:         4       0       0       0       0       0       0       0       0       0       0       0       0       0       0       0       0
      Temps:          0       0       0       0       0       0       0       0       0       0       0       0       0       0       0       0       0
      Totals:         8       0       0       0       0       0       0       0       0       0       0       0       0       0       0       0       0
Total ram usage:        8 bytes
 Hardware stack levels used:    1
 This function calls:
		Nothing
 This function is called by:
		_update_display
		_eval_message
		_send_message
 This function uses a non-reentrant model


 *************** function _buf_pop *****************
 Defined at:
		line 212 in file "main.c"
 Parameters:    Size  Location     Type
  buf             1    wreg     enum E4894
 Auto vars:     Size  Location     Type
  buf             1    8[COMRAM] enum E4894
  v               1    7[COMRAM] unsigned char 
 Return value:  Size  Location     Type
                  1    wreg      unsigned char 
 Registers used:
		wreg, fsr1l, fsr1h, fsr2l, fsr2h, status,2, status,0, cstack
 Tracked objects:
		On entry : 
		On exit  : 
		Unchanged: 
 Data sizes:     COMRAM   BANK0   BANK1   BANK2   BANK3   BANK4   BANK5   BANK6   BANK7   BANK8   BANK9  BANK10  BANK11  BANK12  BANK13  BANK14  BANK15
      Params:         0       0       0       0       0       0       0       0       0       0       0       0       0       0       0       0       0
      Locals:         2       0       0       0       0       0       0       0       0       0       0       0       0       0       0       0       0
      Temps:          2       0       0       0       0       0       0       0       0       0       0       0       0       0       0       0       0
      Totals:         4       0       0       0       0       0       0       0       0       0       0       0       0       0       0       0       0
Total ram usage:        4 bytes
 Hardware stack levels used:    1
 Hardware stack levels required when called:    1
 This function calls:
		_buf_isempty
 This function is called by:
		_receive_message
		_transmit_isr
 This function uses a non-reentrant model


 *************** function _buf_isempty *****************
 Defined at:
		line 200 in file "main.c"
 Parameters:    Size  Location     Type
  typ             1    wreg     enum E4894
 Auto vars:     Size  Location     Type
  typ             1    4[COMRAM] enum E4894
 Return value:  Size  Location     Type
                  2    0[COMRAM] int 
 Registers used:
		wreg, fsr1l, fsr1h, fsr2l, fsr2h, status,2, status,0
 Tracked objects:
		On entry : 
		On exit  : 
		Unchanged: 
 Data sizes:     COMRAM   BANK0   BANK1   BANK2   BANK3   BANK4   BANK5   BANK6   BANK7   BANK8   BANK9  BANK10  BANK11  BANK12  BANK13  BANK14  BANK15
      Params:         2       0       0       0       0       0       0       0       0       0       0       0       0       0       0       0       0
      Locals:         1       0       0       0       0       0       0       0       0       0       0       0       0       0       0       0       0
      Temps:          2       0       0       0       0       0       0       0       0       0       0       0       0       0       0       0       0
      Totals:         5       0       0       0       0       0       0       0       0       0       0       0       0       0       0       0       0
Total ram usage:        5 bytes
 Hardware stack levels used:    1
 This function calls:
		Nothing
 This function is called by:
		_buf_pop
		_receive_message
		_transmit_isr
 This function uses a non-reentrant model


 *************** function _check_level *****************
 Defined at:
		line 429 in file "main.c"
 Parameters:    Size  Location     Type
		None
 Auto vars:     Size  Location     Type
  adc_val         2    2[COMRAM] int 
 Return value:  Size  Location     Type
                  1    wreg      void 
 Registers used:
		wreg, status,2, status,0
 Tracked objects:
		On entry : 
		On exit  : 
		Unchanged: 
 Data sizes:     COMRAM   BANK0   BANK1   BANK2   BANK3   BANK4   BANK5   BANK6   BANK7   BANK8   BANK9  BANK10  BANK11  BANK12  BANK13  BANK14  BANK15
      Params:         0       0       0       0       0       0       0       0       0       0       0       0       0       0       0       0       0
      Locals:         2       0       0       0       0       0       0       0       0       0       0       0       0       0       0       0       0
      Temps:          2       0       0       0       0       0       0       0       0       0       0       0       0       0       0       0       0
      Totals:         4       0       0       0       0       0       0       0       0       0       0       0       0       0       0       0       0
Total ram usage:        4 bytes
 Hardware stack levels used:    1
 This function calls:
		Nothing
 This function is called by:
		_HandleInterrupt
 This function uses a non-reentrant model



MODULE INFORMATION

Module		Function		Class		Link	Load	Size
/opt/microchip/xc8/v2.30/pic/sources/c99/common/lwmod.c
		___lwmod       		CODE           	2964	0000	100

/opt/microchip/xc8/v2.30/pic/sources/c99/common/lwmod.c estimated size: 100

/opt/microchip/xc8/v2.30/pic/sources/c99/common/awmod.c
		___awmod       		CODE           	2558	0000	176

/opt/microchip/xc8/v2.30/pic/sources/c99/common/awmod.c estimated size: 176

shared
		i2___wmul      		CODE           	2B8C	0000	38
		__initialization		CODE           	2A1E	0000	56
		_seg_list      		SMALLCONST     	1001	0000	10

shared estimated size: 104

/opt/microchip/xc8/v2.30/pic/sources/c99/common/lwdiv.c
		___lwdiv       		CODE           	28F0	0000	116

/opt/microchip/xc8/v2.30/pic/sources/c99/common/lwdiv.c estimated size: 116

/opt/microchip/xc8/v2.30/pic/sources/c99/common/awdiv.c
		___awdiv       		CODE           	23DC	0000	196

/opt/microchip/xc8/v2.30/pic/sources/c99/common/awdiv.c estimated size: 196

/opt/microchip/xc8/v2.30/pic/sources/c99/common/Umul16.c
		___wmul        		CODE           	2B64	0000	40

/opt/microchip/xc8/v2.30/pic/sources/c99/common/Umul16.c estimated size: 40

main.c
		_receive_message		CODE           	29C8	0000	86
		_send_message  		CODE           	2608	0000	170
		_main          		CODE           	2BCE	0000	20
		_init_ports    		CODE           	2BE2	0000	14
		_is_same       		CODE           	2874	0000	124
		_handle_char   		CODE           	2A68	0000	70
		_find_available_slot		CODE           	1F78	0000	350
		_buf_isempty   		CODE           	2AAE	0000	66
		_dequeue       		CODE           	26B2	0000	154
		_find_parked   		CODE           	221E	0000	246
		_HandleInterrupt		CODE           	0008	0000	334
		_init_others   		CODE           	2314	0000	200
		_eval_message  		CODE           	1020	0000	3018
		_enqueue       		CODE           	2AF0	0000	62
		_init_adc      		CODE           	2BB2	0000	28
		_check_level   		CODE           	27E4	0000	144
		_find_subscribed		CODE           	1E14	0000	356
		_buf_pop       		CODE           	24A0	0000	184
		_update_display		CODE           	1BEA	0000	554
		_buf_push      		CODE           	274C	0000	152
		_transmit_isr  		CODE           	2B2E	0000	54

main.c estimated size: 6386

