Microchip MPLAB XC8 Compiler V2.30

Linker command line:

-W-3 --edf=/opt/microchip/xc8/v2.30/pic/dat/en_msgs.txt -cn \
  -h+dist/UploadToBoard/production/the3.production.sym \
  --cmf=dist/UploadToBoard/production/the3.production.cmf -z -Q18F8722 \
  -o/tmp/xcXKbEdHE --defsym=__MPLAB_BUILD=1 \
  -Mdist/UploadToBoard/production/the3.production.map -E1 -ver=XC8 Compiler \
  --acfsm=1493 -ASTACK=044Eh-0F5Fh -pstack=STACK -ACODE=00h-01FFFFh \
  -ACONST=00h-01FFFFh -ASMALLCONST=01000h-010FFhx496 \
  -AMEDIUMCONST=01000h-0FFFFh,011000h-01FFFFh -ACOMRAM=01h-05Fh \
  -AABS1=00h-0F5Fh -ABIGRAM=01h-0F5Fh \
  -ARAM=060h-0FFh,0100h-01FFhx14,0F00h-0F5Fh -ABANK0=060h-0FFh \
  -ABANK1=0100h-01FFh -ABANK2=0200h-02FFh -ABANK3=0300h-03FFh \
  -ABANK4=0400h-04FFh -ABANK5=0500h-05FFh -ABANK6=0600h-06FFh \
  -ABANK7=0700h-07FFh -ABANK8=0800h-08FFh -ABANK9=0900h-09FFh \
  -ABANK10=0A00h-0AFFh -ABANK11=0B00h-0BFFh -ABANK12=0C00h-0CFFh \
  -ABANK13=0D00h-0DFFh -ABANK14=0E00h-0EFFh -ABANK15=0F00h-0F5Fh \
  -ASFR=0F60h-0FFFh -ACONFIG=0300000h-030000Dh -AIDLOC=0200000h-0200007h \
  -AEEDATA=0F00000h-0F003FFh -peeprom_data=EEDATA \
  -preset_vec=00h,intcode=08h,intcodelo,powerup,init -pramtop=01000h \
  -psmallconst=SMALLCONST -pmediumconst=MEDIUMCONST -pconst=CONST \
  -AFARRAM=00h-00h \
  -prdata=COMRAM,nvrram=COMRAM,nvbit=COMRAM,rbss=COMRAM,rbit=COMRAM \
  -pfarbss=FARRAM,fardata=FARRAM,nvFARRAM=FARRAM \
  -pintsave_regs=BIGRAM,bigbss=BIGRAM,bigdata=BIGRAM -pbss=RAM \
  -pidata=CODE,irdata=CODE,ibigdata=CODE,ifardata=CODE -prparam=COMRAM \
  /tmp/xcXGJbIDg.o dist/UploadToBoard/production/the3.production.o 

Object code version is 3.11

Machine type is 18F8722



                Name                               Link     Load   Length Selector   Space Scale
/tmp/xcXGJbIDg.o
                idloc                            200000   200000        8        0       5
                config                           300000   300000        E        0       4
                init                                  E        E        4        4       0
                reset_vec                             0        0        4        0       0
dist/UploadToBoard/production/the3.production.o
                intcode                               8        8        6        4       0
                idloc                            200000   200000        8        0       5
                config                           300000   300000        E        0       4
                temp                                 4D       4D        1        1       1
                smallconst                         1000     1000       20      800       0
                text30                             356A     356A        6      810       0
                text29                             3564     3564        6      810       0
                text28                             3488     3488       42      810       0
                text27                             306E     306E       96      810       0
                text26                             32F8     32F8       76      810       0
                intcode_body                       2A6E     2A6E      112      810       0
                text24                             3104     3104       84      810       0
                text23                             352E     352E       1C      810       0
                text22                             3508     3508       26      810       0
                text21                             2C54     2C54       CC      810       0
                text20                             354A     354A        E      810       0
                text19                             3446     3446       42      810       0
                text18                             2FD8     2FD8       96      810       0
                text17                             2D20     2D20       C4      810       0
                text16                             2DE4     2DE4       B0      810       0
                text15                             336E     336E       74      810       0
                text14                             3282     3282       76      810       0
                text13                             2F3E     2F3E       9A      810       0
                text12                             355E     355E        6      810       0
                text11                             3558     3558        6      810       0
                text10                             34CA     34CA       3E      810       0
                text9                              2146     2146      30C      810       0
                text8                              27EC     27EC      160      810       0
                text7                              267C     267C      170      810       0
                text6                              3206     3206       7C      810       0
                text5                              1020     1020     1126      810       0
                text4                              2B80     2B80       D4      810       0
                text3                              2E94     2E94       AA      810       0
                text2                              33E2     33E2       64      810       0
                text1                              2452     2452      22A      810       0
                text0                              294C     294C      122      810       0
                cstackCOMRAM                          1        1       2D        1       1
                cstackBANK0                          A0       A0       11       60       1
                bssBIGRAM                           300      300      14E      300       1
                bssBANK2                            200      200      100      200       1
                bssBANK1                            100      100      100      100       1
                bssBANK0                             60       60       40       60       1
                dataCOMRAM                           4B       4B        2        1       1
                bssCOMRAM                            2E       2E       1D        1       1
                cinit                              3188     3188       7E      810       0
                idataCOMRAM                        3570     3570        2      810       0

TOTAL           Name                               Link     Load   Length     Space
        CLASS   STACK          

        CLASS   CODE           
                intcode                               8        8        6         0
                init                                  E        E        4         0
                reset_vec                             0        0        4         0
                text30                             356A     356A        6         0
                text29                             3564     3564        6         0
                text28                             3488     3488       42         0
                text27                             306E     306E       96         0
                text26                             32F8     32F8       76         0
                intcode_body                       2A6E     2A6E      112         0
                text24                             3104     3104       84         0
                text23                             352E     352E       1C         0
                text22                             3508     3508       26         0
                text21                             2C54     2C54       CC         0
                text20                             354A     354A        E         0
                text19                             3446     3446       42         0
                text18                             2FD8     2FD8       96         0
                text17                             2D20     2D20       C4         0
                text16                             2DE4     2DE4       B0         0
                text15                             336E     336E       74         0
                text14                             3282     3282       76         0
                text13                             2F3E     2F3E       9A         0
                text12                             355E     355E        6         0
                text11                             3558     3558        6         0
                text10                             34CA     34CA       3E         0
                text9                              2146     2146      30C         0
                text8                              27EC     27EC      160         0
                text7                              267C     267C      170         0
                text6                              3206     3206       7C         0
                text5                              1020     1020     1126         0
                text4                              2B80     2B80       D4         0
                text3                              2E94     2E94       AA         0
                text2                              33E2     33E2       64         0
                text1                              2452     2452      22A         0
                text0                              294C     294C      122         0
                cinit                              3188     3188       7E         0
                idataCOMRAM                        3570     3570        2         0

        CLASS   CONST          

        CLASS   SMALLCONST     
                smallconst                         1000     1000       20         0

        CLASS   MEDIUMCONST    

        CLASS   COMRAM         
                temp                                 4D       4D        1         1
                cstackCOMRAM                          1        1       2D         1
                dataCOMRAM                           4B       4B        2         1
                bssCOMRAM                            2E       2E       1D         1

        CLASS   ABS1           

        CLASS   BIGRAM         
                bssBIGRAM                           300      300      14E         1

        CLASS   RAM            

        CLASS   BANK0          
                cstackBANK0                          A0       A0       11         1
                bssBANK0                             60       60       40         1

        CLASS   BANK1          
                bssBANK1                            100      100      100         1

        CLASS   BANK2          
                bssBANK2                            200      200      100         1

        CLASS   BANK3          

        CLASS   BANK4          

        CLASS   BANK5          

        CLASS   BANK6          

        CLASS   BANK7          

        CLASS   BANK8          

        CLASS   BANK9          

        CLASS   BANK10         

        CLASS   BANK11         

        CLASS   BANK12         

        CLASS   BANK13         

        CLASS   BANK14         

        CLASS   BANK15         

        CLASS   SFR            

        CLASS   CONFIG         
                config                           300000   300000        E         4

        CLASS   IDLOC          
                idloc                            200000   200000        8         5

        CLASS   EEDATA         

        CLASS   FARRAM         



SEGMENTS        Name                           Load    Length   Top    Selector   Space  Class

                bssBANK1                       000100  000100  000200       100       1  BANK1   
                reset_vec                      000000  000004  000004         0       0  CODE    
                text5                          001020  002552  003572       810       0  CODE    
                bssBIGRAM                      000300  00014E  00044E       300       1  BIGRAM  
                bssBANK2                       000200  000100  000300       200       1  BANK2   
                intcode                        000008  00000A  000012         4       0  CODE    
                cstackCOMRAM                   000001  00004D  00004E         1       1  COMRAM  
                bssBANK0                       000060  000051  0000B1        60       1  BANK0   
                smallconst                     001000  000020  001020       800       0  SMALLCON


UNUSED ADDRESS RANGES

        Name                Unused          Largest block    Delta
        BANK0            0000B1-0000FF               4F
        BANK10           000A00-000AFF              100
        BANK11           000B00-000BFF              100
        BANK12           000C00-000CFF              100
        BANK13           000D00-000DFF              100
        BANK14           000E00-000EFF              100
        BANK15           000F00-000F5F               60
        BANK4            00044E-0004FF               B2
        BANK5            000500-0005FF              100
        BANK6            000600-0006FF              100
        BANK7            000700-0007FF              100
        BANK8            000800-0008FF              100
        BANK9            000900-0009FF              100
        BIGRAM           00004E-00005F               12
                         0000B1-0000FF               4F
                         00044E-000F5F              B12
        CODE             000004-000007                4
                         000012-000FFF              FEE
                         003572-01FFFF            1CA8E
        COMRAM           00004E-00005F               12
        CONST            000004-000007                4
                         000012-000FFF              FEE
                         003572-01FFFF            1CA8E
        EEDATA           F00000-F003FF              400
        MEDIUMCONST      003572-00FFFF             CA8E
                         011000-01FFFF             F000
        RAM              0000B1-0000FF               4F
                         00044E-000F5F              100
        SFR              000F60-000FFF               A0
        SMALLCONST       003572-01FFFF              100
        STACK            00044E-000F5F              B12

                                  Symbol Table

?___awdiv                          cstackCOMRAM 00000F
?___awmod                          cstackCOMRAM 000017
?___lwdiv                          cstackCOMRAM 00000F
?___lwmod                          cstackCOMRAM 000016
?___wmul                           cstackCOMRAM 00000F
?_buf_isempty                      cstackCOMRAM 00000F
?_dequeue                          cstackCOMRAM 00000F
?_find_park_available_slot         cstackCOMRAM 000015
?_find_subscribed                  cstackCOMRAM 000015
?_is_same                          cstackCOMRAM 00000F
?i2_buf_isempty                    cstackCOMRAM 000001
HandleInterrupt@c                  cstackCOMRAM 00000E
_ADCON0bits                        (abs)        000FC2
_ADCON1                            (abs)        000FC1
_ADCON2                            (abs)        000FC0
_ADRESH                            (abs)        000FC4
_ADRESL                            (abs)        000FC3
_BAUDCON1bits                      (abs)        000F7E
_HandleInterrupt                   intcode      000008
_INTCONbits                        (abs)        000FF2
_LATHbits                          (abs)        000F90
_LATJ                              (abs)        000F91
_PIE1bits                          (abs)        000F9D
_PIR1                              (abs)        000F9E
_PIR1bits                          (abs)        000F9E
_PORTBbits                         (abs)        000F81
_RCREG1                            (abs)        000FAE
_RCSTA1                            (abs)        000FAB
_SPBRG1                            (abs)        000FAF
_SPBRGH1                           (abs)        000F7F
_T0CON                             (abs)        000FD5
_T0CONbits                         (abs)        000FD5
_TMR0H                             (abs)        000FD7
_TMR0L                             (abs)        000FD6
_TRISB                             (abs)        000F93
_TRISH                             (abs)        000F99
_TRISJ                             (abs)        000F9A
_TXREG1                            (abs)        000FAD
_TXSTA1                            (abs)        000FAC
_TXSTA1bits                        (abs)        000FAC
__HRAM                             (abs)        000000
__Habs1                            abs1         000000
__Hbank0                           bank0        000000
__Hbank1                           bank1        000000
__Hbank10                          bank10       000000
__Hbank11                          bank11       000000
__Hbank12                          bank12       000000
__Hbank13                          bank13       000000
__Hbank14                          bank14       000000
__Hbank15                          bank15       000000
__Hbank2                           bank2        000000
__Hbank3                           bank3        000000
__Hbank4                           bank4        000000
__Hbank5                           bank5        000000
__Hbank6                           bank6        000000
__Hbank7                           bank7        000000
__Hbank8                           bank8        000000
__Hbank9                           bank9        000000
__Hbigbss                          bigbss       000000
__Hbigdata                         bigdata      000000
__Hbigram                          bigram       000000
__Hbss                             bss          000000
__HbssBANK0                        bssBANK0     000000
__HbssBANK1                        bssBANK1     000000
__HbssBANK2                        bssBANK2     000000
__HbssBIGRAM                       bssBIGRAM    000000
__HbssCOMRAM                       bssCOMRAM    000000
__Hcinit                           cinit        000000
__Hclrtext                         clrtext      000000
__Hcomram                          comram       000000
__Hconfig                          config       30000E
__Hconst                           const        000000
__HcstackBANK0                     cstackBANK0  000000
__HcstackCOMRAM                    cstackCOMRAM 000000
__Hdata                            data         000000
__HdataCOMRAM                      dataCOMRAM   000000
__Heeprom_data                     eeprom_data  000000
__Hfarbss                          farbss       000000
__Hfardata                         fardata      000000
__Hibigdata                        ibigdata     000000
__Hidata                           idata        000000
__HidataCOMRAM                     idataCOMRAM  000000
__Hidloc                           idloc        200008
__Hifardata                        ifardata     000000
__Hinit                            init         000012
__Hintcode                         intcode      00000E
__Hintcode_body                    intcode_body 000000
__Hintcodelo                       intcodelo    00000E
__Hintentry                        intentry     000000
__Hintret                          intret       000000
__Hintsave_regs                    intsave_regs 000000
__Hirdata                          irdata       000000
__Hmediumconst                     mediumconst  000000
__HnvFARRAM                        nvFARRAM     000000
__Hnvbit                           nvbit        000000
__Hnvrram                          nvrram       000000
__Hparam                           rparam       000000
__Hpowerup                         powerup      00000E
__Hram                             ram          000000
__Hramtop                          ramtop       001000
__Hrbit                            rbit         000000
__Hrbss                            rbss         000000
__Hrdata                           rdata        000000
__Hreset_vec                       reset_vec    000004
__Hrparam                          rparam       000000
__Hsfr                             sfr          000000
__Hsmallconst                      smallconst   001020
__Hspace_0                         (abs)        003572
__Hspace_1                         (abs)        00044E
__Hspace_2                         (abs)        000000
__Hspace_4                         (abs)        60000E
__Hstack                           stack        000000
__Hstruct                          struct       000000
__Htemp                            temp         00004E
__Htext                            text         000000
__Htext0                           text0        000000
__Htext1                           text1        000000
__Htext10                          text10       000000
__Htext11                          text11       000000
__Htext12                          text12       000000
__Htext13                          text13       000000
__Htext14                          text14       000000
__Htext15                          text15       000000
__Htext16                          text16       000000
__Htext17                          text17       000000
__Htext18                          text18       000000
__Htext19                          text19       000000
__Htext2                           text2        000000
__Htext20                          text20       000000
__Htext21                          text21       000000
__Htext22                          text22       000000
__Htext23                          text23       000000
__Htext24                          text24       000000
__Htext26                          text26       000000
__Htext27                          text27       000000
__Htext28                          text28       000000
__Htext29                          text29       000000
__Htext3                           text3        000000
__Htext30                          text30       000000
__Htext4                           text4        000000
__Htext5                           text5        000000
__Htext6                           text6        000000
__Htext7                           text7        000000
__Htext8                           text8        000000
__Htext9                           text9        000000
__LRAM                             (abs)        000001
__Labs1                            abs1         000000
__Lbank0                           bank0        000000
__Lbank1                           bank1        000000
__Lbank10                          bank10       000000
__Lbank11                          bank11       000000
__Lbank12                          bank12       000000
__Lbank13                          bank13       000000
__Lbank14                          bank14       000000
__Lbank15                          bank15       000000
__Lbank2                           bank2        000000
__Lbank3                           bank3        000000
__Lbank4                           bank4        000000
__Lbank5                           bank5        000000
__Lbank6                           bank6        000000
__Lbank7                           bank7        000000
__Lbank8                           bank8        000000
__Lbank9                           bank9        000000
__Lbigbss                          bigbss       000000
__Lbigdata                         bigdata      000000
__Lbigram                          bigram       000000
__Lbss                             bss          000000
__LbssBANK0                        bssBANK0     000000
__LbssBANK1                        bssBANK1     000000
__LbssBANK2                        bssBANK2     000000
__LbssBIGRAM                       bssBIGRAM    000000
__LbssCOMRAM                       bssCOMRAM    000000
__Lcinit                           cinit        000000
__Lclrtext                         clrtext      000000
__Lcomram                          comram       000000
__Lconfig                          config       000000
__Lconst                           const        000000
__LcstackBANK0                     cstackBANK0  000000
__LcstackCOMRAM                    cstackCOMRAM 000000
__Ldata                            data         000000
__LdataCOMRAM                      dataCOMRAM   000000
__Leeprom_data                     eeprom_data  000000
__Lfarbss                          farbss       000000
__Lfardata                         fardata      000000
__Libigdata                        ibigdata     000000
__Lidata                           idata        000000
__LidataCOMRAM                     idataCOMRAM  000000
__Lidloc                           idloc        000000
__Lifardata                        ifardata     000000
__Linit                            init         00000E
__Lintcode                         intcode      000008
__Lintcode_body                    intcode_body 000000
__Lintcodelo                       intcodelo    00000E
__Lintentry                        intentry     000000
__Lintret                          intret       000000
__Lintsave_regs                    intsave_regs 000000
__Lirdata                          irdata       000000
__Lmediumconst                     mediumconst  000000
__LnvFARRAM                        nvFARRAM     000000
__Lnvbit                           nvbit        000000
__Lnvrram                          nvrram       000000
__Lparam                           rparam       000000
__Lpowerup                         powerup      00000E
__Lram                             ram          000000
__Lramtop                          ramtop       001000
__Lrbit                            rbit         000000
__Lrbss                            rbss         000000
__Lrdata                           rdata        000000
__Lreset_vec                       reset_vec    000000
__Lrparam                          rparam       000000
__Lsfr                             sfr          000000
__Lsmallconst                      smallconst   001000
__Lspace_0                         (abs)        000000
__Lspace_1                         (abs)        000000
__Lspace_2                         (abs)        000000
__Lspace_4                         (abs)        000000
__Lstack                           stack        000000
__Lstruct                          struct       000000
__Ltemp                            temp         00004D
__Ltext                            text         000000
__Ltext0                           text0        000000
__Ltext1                           text1        000000
__Ltext10                          text10       000000
__Ltext11                          text11       000000
__Ltext12                          text12       000000
__Ltext13                          text13       000000
__Ltext14                          text14       000000
__Ltext15                          text15       000000
__Ltext16                          text16       000000
__Ltext17                          text17       000000
__Ltext18                          text18       000000
__Ltext19                          text19       000000
__Ltext2                           text2        000000
__Ltext20                          text20       000000
__Ltext21                          text21       000000
__Ltext22                          text22       000000
__Ltext23                          text23       000000
__Ltext24                          text24       000000
__Ltext26                          text26       000000
__Ltext27                          text27       000000
__Ltext28                          text28       000000
__Ltext29                          text29       000000
__Ltext3                           text3        000000
__Ltext30                          text30       000000
__Ltext4                           text4        000000
__Ltext5                           text5        000000
__Ltext6                           text6        000000
__Ltext7                           text7        000000
__Ltext8                           text8        000000
__Ltext9                           text9        000000
__S0                               (abs)        003572
__S1                               (abs)        00044E
__S2                               (abs)        000000
__S4                               (abs)        000000
__S5                               (abs)        000000
___awdiv                           text17       002D20
___awdiv@counter                   cstackCOMRAM 000013
___awdiv@dividend                  cstackCOMRAM 00000F
___awdiv@divisor                   cstackCOMRAM 000011
___awdiv@quotient                  cstackCOMRAM 000015
___awdiv@sign                      cstackCOMRAM 000014
___awmod                           text16       002DE4
___awmod@counter                   cstackCOMRAM 00001B
___awmod@dividend                  cstackCOMRAM 000017
___awmod@divisor                   cstackCOMRAM 000019
___awmod@sign                      cstackCOMRAM 00001C
___extmem_base                     (abs)        020000
___inthi_sp                        stack        000000
___intlo_sp                        stack        000000
___lwdiv                           text15       00336E
___lwdiv@counter                   cstackCOMRAM 000013
___lwdiv@dividend                  cstackCOMRAM 00000F
___lwdiv@divisor                   cstackCOMRAM 000011
___lwdiv@quotient                  cstackCOMRAM 000014
___lwmod                           text2        0033E2
___lwmod@counter                   cstackCOMRAM 00001A
___lwmod@dividend                  cstackCOMRAM 000016
___lwmod@divisor                   cstackCOMRAM 000018
___param_bank                      (abs)        000000
___rparam_used                     (abs)        000001
___sp                              stack        000000
___wmul                            text22       003508
___wmul@multiplicand               cstackCOMRAM 000011
___wmul@multiplier                 cstackCOMRAM 00000F
___wmul@product                    cstackCOMRAM 000013
__accesstop                        (abs)        000060
__activetblptr                     (abs)        000001
__end_of_HandleInterrupt           intcode_body 002B80
__end_of___awdiv                   text17       002DE4
__end_of___awmod                   text16       002E94
__end_of___lwdiv                   text15       0033E2
__end_of___lwmod                   text2        003446
__end_of___wmul                    text22       00352E
__end_of__initialization           cinit        0031F4
__end_of_buf_isempty               text19       003488
__end_of_buf_pop                   text18       00306E
__end_of_buf_push                  text14       0032F8
__end_of_check_level               text24       003188
__end_of_dequeue                   text13       002FD8
__end_of_disable_i                 text30       003570
__end_of_disable_rxtx              text12       003564
__end_of_enable_i                  text29       00356A
__end_of_enable_rxtx               text11       00355E
__end_of_enqueue                   text10       003508
__end_of_eval_message              text5        002146
__end_of_find_park_available_slot  text9        002452
__end_of_find_parked               text8        00294C
__end_of_find_subscribed           text7        0027EC
__end_of_init_adc                  text23       00354A
__end_of_init_others               text21       002D20
__end_of_init_ports                text20       003558
__end_of_is_same                   text6        003282
__end_of_main                      text0        002A6E
__end_of_receive_message           text4        002C54
__end_of_seg_list                  smallconst   00100B
__end_of_send_message              text3        002F3E
__end_of_update_display            text1        00267C
__end_ofi2_buf_isempty             text28       0034CA
__end_ofi2_buf_pop                 text27       003104
__end_ofi2_buf_push                text26       00336E
__initialization                   cinit        003188
__mediumconst                      mediumconst  000000
__pbssBANK0                        bssBANK0     000060
__pbssBANK1                        bssBANK1     000100
__pbssBANK2                        bssBANK2     000200
__pbssBIGRAM                       bssBIGRAM    000300
__pbssCOMRAM                       bssCOMRAM    00002E
__pcinit                           cinit        003188
__pcstackBANK0                     cstackBANK0  0000A0
__pcstackCOMRAM                    cstackCOMRAM 000001
__pdataCOMRAM                      dataCOMRAM   00004B
__pidataCOMRAM                     idataCOMRAM  003570
__pintcode                         intcode      000008
__pintcode_body                    intcode_body 002A6E
__psmallconst                      smallconst   001000
__ptext0                           text0        00294C
__ptext1                           text1        002452
__ptext10                          text10       0034CA
__ptext11                          text11       003558
__ptext12                          text12       00355E
__ptext13                          text13       002F3E
__ptext14                          text14       003282
__ptext15                          text15       00336E
__ptext16                          text16       002DE4
__ptext17                          text17       002D20
__ptext18                          text18       002FD8
__ptext19                          text19       003446
__ptext2                           text2        0033E2
__ptext20                          text20       00354A
__ptext21                          text21       002C54
__ptext22                          text22       003508
__ptext23                          text23       00352E
__ptext24                          text24       003104
__ptext26                          text26       0032F8
__ptext27                          text27       00306E
__ptext28                          text28       003488
__ptext29                          text29       003564
__ptext3                           text3        002E94
__ptext30                          text30       00356A
__ptext4                           text4        002B80
__ptext5                           text5        001020
__ptext6                           text6        003206
__ptext7                           text7        00267C
__ptext8                           text8        0027EC
__ptext9                           text9        002146
__ramtop                           ramtop       001000
__size_of_HandleInterrupt          (abs)        000000
__size_of___awdiv                  (abs)        000000
__size_of___awmod                  (abs)        000000
__size_of___lwdiv                  (abs)        000000
__size_of___lwmod                  (abs)        000000
__size_of___wmul                   (abs)        000000
__size_of_buf_isempty              (abs)        000000
__size_of_buf_pop                  (abs)        000000
__size_of_buf_push                 (abs)        000000
__size_of_check_level              (abs)        000000
__size_of_dequeue                  (abs)        000000
__size_of_disable_i                (abs)        000000
__size_of_disable_rxtx             (abs)        000000
__size_of_enable_i                 (abs)        000000
__size_of_enable_rxtx              (abs)        000000
__size_of_enqueue                  (abs)        000000
__size_of_eval_message             (abs)        000000
__size_of_find_park_available_slot (abs)        000000
__size_of_find_parked              (abs)        000000
__size_of_find_subscribed          (abs)        000000
__size_of_init_adc                 (abs)        000000
__size_of_init_others              (abs)        000000
__size_of_init_ports               (abs)        000000
__size_of_is_same                  (abs)        000000
__size_of_main                     (abs)        000000
__size_of_receive_message          (abs)        000000
__size_of_send_message             (abs)        000000
__size_of_update_display           (abs)        000000
__size_ofi2_buf_isempty            (abs)        000000
__size_ofi2_buf_pop                (abs)        000000
__size_ofi2_buf_push               (abs)        000000
__smallconst                       smallconst   001000
_buf_isempty                       text19       003446
_buf_pop                           text18       002FD8
_buf_push                          text14       003282
_buffer                            bssBANK0     00008C
_check_level                       text24       003104
_chr_buf                           bssCOMRAM    00004A
_curr_rb4                          bssCOMRAM    000048
_current_level                     bssCOMRAM    00003C
_dequeue                           text13       002F3E
_disable_i                         text30       00356A
_disable_rxtx                      text12       00355E
_display_counter                   bssCOMRAM    000034
_display_mode                      bssCOMRAM    000032
_enable_i                          text29       003564
_enable_rxtx                       text11       003558
_enqueue                           text10       0034CA
_eval_message                      text5        001020
_find_park_available_slot          text9        002146
_find_parked                       text8        0027EC
_find_subscribed                   text7        00267C
_head                              bssCOMRAM    000044
_in_packet                         bssCOMRAM    00002E
_inbuf                             bssBANK1     000100
_init_adc                          text23       00352E
_init_others                       text21       002C54
_init_ports                        text20       00354A
_is_same                           text6        003206
_level_counter                     bssCOMRAM    000040
_main                              text0        00294C
_message_counter                   bssCOMRAM    00003E
_message_flag                      bssBANK0     000088
_msg_len                           bssCOMRAM    000030
_new_message_flag                  bssCOMRAM    000036
_outbuf                            bssBANK2     000200
_park                              bssBIGRAM    000300
_prev_rb4                          bssCOMRAM    000049
_q                                 bssBANK0     000060
_receive_message                   text4        002B80
_run_flag                          bssCOMRAM    000046
_seg_list                          smallconst   001001
_send_message                      text3        002E94
_send_message_flag                 bssBANK0     000086
_switch_flag                       bssBANK0     000084
_tail                              bssCOMRAM    000042
_temp_id                           bssCOMRAM    000038
_tick_5                            bssCOMRAM    00003A
_time_counter                      dataCOMRAM   00004B
_total_score                       bssBANK0     00008A
_update_display                    text1        002452
btemp                              temp         00004D
buf_isempty@typ                    cstackCOMRAM 000013
buf_pop@buf                        cstackCOMRAM 000017
buf_pop@v                          cstackCOMRAM 000016
buf_push@buf                       cstackCOMRAM 00001D
buf_push@v                         cstackCOMRAM 000020
check_level@adc_val                cstackCOMRAM 000011
dequeue@car_id                     cstackCOMRAM 000012
dequeue@i                          cstackCOMRAM 000014
end_of_initialization              cinit        0031F4
enqueue@car_id                     cstackCOMRAM 00000F
eval_message@fee                   cstackBANK0  0000A0
eval_message@id                    cstackBANK0  0000A4
eval_message@id_685                cstackBANK0  0000A9
eval_message@id_691                cstackBANK0  0000A2
eval_message@lvl_no                cstackBANK0  0000A6
eval_message@slot_no               cstackBANK0  0000A7
eval_message@tmp_lvl               cstackBANK0  0000AB
eval_message@tmp_lvl_687           cstackBANK0  0000B0
eval_message@tmp_slot              cstackBANK0  0000AC
eval_message@tmp_slot_686          cstackBANK0  0000AE
find_park_available_slot@j         cstackCOMRAM 000021
find_park_available_slot@k         cstackCOMRAM 000023
find_park_available_slot@level     cstackCOMRAM 000015
find_park_available_slot@slot      cstackCOMRAM 000017
find_park_available_slot@temp_id   cstackCOMRAM 000019
find_parked@id                     cstackCOMRAM 000015
find_parked@j                      cstackCOMRAM 000023
find_parked@k                      cstackCOMRAM 000021
find_parked@level                  cstackCOMRAM 000017
find_parked@slot                   cstackCOMRAM 000019
find_subscribed@id                 cstackCOMRAM 000019
find_subscribed@j                  cstackCOMRAM 000023
find_subscribed@k                  cstackCOMRAM 000021
find_subscribed@level              cstackCOMRAM 000015
find_subscribed@slot               cstackCOMRAM 000017
i2_buf_isempty                     text28       003488
i2_buf_pop                         text27       00306E
i2_buf_push                        text26       0032F8
i2buf_isempty@typ                  cstackCOMRAM 000005
i2buf_pop@buf                      cstackCOMRAM 000009
i2buf_pop@v                        cstackCOMRAM 000008
i2buf_push@buf                     cstackCOMRAM 000001
i2buf_push@v                       cstackCOMRAM 000004
init_others@k                      cstackCOMRAM 000015
int$flags                          temp         00004D
int_func                           intcode_body 002A6E
intlevel0                          text         000000
intlevel1                          text         000000
intlevel2                          text         000000
intlevel3                          text         000000
is_same@a                          cstackCOMRAM 00000F
is_same@b                          cstackCOMRAM 000011
is_same@k                          cstackCOMRAM 000018
is_same@n                          cstackCOMRAM 000013
receive_message@c                  cstackCOMRAM 00002D
stackhi                            (abs)        000F5F
stacklo                            (abs)        00044E
start                              init         00000E
start_initialization               cinit        003188
ttemp5                             temp         00004E
ttemp6                             temp         000051
ttemp7                             temp         000055
update_display@bit0                cstackCOMRAM 000020
update_display@bit1                cstackCOMRAM 00001F
update_display@bit2                cstackCOMRAM 00001E
update_display@bit3                cstackCOMRAM 00001D
update_display@empty               cstackCOMRAM 000021
update_display@val                 cstackCOMRAM 000023
wtemp8                             temp         00004E


FUNCTION INFORMATION:

 *************** function _main *****************
 Defined at:
		line 636 in file "main.c"
 Parameters:    Size  Location     Type
		None
 Auto vars:     Size  Location     Type
		None
 Return value:  Size  Location     Type
                  1    wreg      void 
 Registers used:
		wreg, fsr1l, fsr1h, fsr2l, fsr2h, status,2, status,0, tblptrl, tblptrh, tblptru, prodl, prodh, cstack
 Tracked objects:
		On entry : 
		On exit  : 
		Unchanged: 
 Data sizes:     COMRAM   BANK0   BANK1   BANK2   BANK3   BANK4   BANK5   BANK6   BANK7   BANK8   BANK9  BANK10  BANK11  BANK12  BANK13  BANK14  BANK15
      Params:         0       0       0       0       0       0       0       0       0       0       0       0       0       0       0       0       0
      Locals:         0       0       0       0       0       0       0       0       0       0       0       0       0       0       0       0       0
      Temps:          0       0       0       0       0       0       0       0       0       0       0       0       0       0       0       0       0
      Totals:         0       0       0       0       0       0       0       0       0       0       0       0       0       0       0       0       0
Total ram usage:        0 bytes
 Hardware stack levels required when called:    7
 This function calls:
		_check_level
		_init_adc
		_init_others
		_init_ports
		_receive_message
		_send_message
		_update_display
 This function is called by:
		Startup code after reset
 This function uses a non-reentrant model


 *************** function _update_display *****************
 Defined at:
		line 178 in file "main.c"
 Parameters:    Size  Location     Type
		None
 Auto vars:     Size  Location     Type
  empty           2   32[COMRAM] int 
  val             2   34[COMRAM] unsigned short 
  bit0            1   31[COMRAM] unsigned char 
  bit1            1   30[COMRAM] unsigned char 
  bit2            1   29[COMRAM] unsigned char 
  bit3            1   28[COMRAM] unsigned char 
 Return value:  Size  Location     Type
                  1    wreg      void 
 Registers used:
		wreg, fsr2l, fsr2h, status,2, status,0, tblptrl, tblptrh, tblptru, prodl, prodh, cstack
 Tracked objects:
		On entry : 
		On exit  : 
		Unchanged: 
 Data sizes:     COMRAM   BANK0   BANK1   BANK2   BANK3   BANK4   BANK5   BANK6   BANK7   BANK8   BANK9  BANK10  BANK11  BANK12  BANK13  BANK14  BANK15
      Params:         0       0       0       0       0       0       0       0       0       0       0       0       0       0       0       0       0
      Locals:         8       0       0       0       0       0       0       0       0       0       0       0       0       0       0       0       0
      Temps:          0       0       0       0       0       0       0       0       0       0       0       0       0       0       0       0       0
      Totals:         8       0       0       0       0       0       0       0       0       0       0       0       0       0       0       0       0
Total ram usage:        8 bytes
 Hardware stack levels used:    1
 Hardware stack levels required when called:    4
 This function calls:
		___awdiv
		___awmod
		___lwdiv
		___lwmod
		___wmul
 This function is called by:
		_main
 This function uses a non-reentrant model


 *************** function ___lwmod *****************
 Defined at:
		line 7 in file "/opt/microchip/xc8/v2.30/pic/sources/c99/common/lwmod.c"
 Parameters:    Size  Location     Type
  dividend        2   21[COMRAM] unsigned int 
  divisor         2   23[COMRAM] unsigned int 
 Auto vars:     Size  Location     Type
  counter         1   25[COMRAM] unsigned char 
 Return value:  Size  Location     Type
                  2   21[COMRAM] unsigned int 
 Registers used:
		wreg, status,2, status,0
 Tracked objects:
		On entry : 
		On exit  : 
		Unchanged: 
 Data sizes:     COMRAM   BANK0   BANK1   BANK2   BANK3   BANK4   BANK5   BANK6   BANK7   BANK8   BANK9  BANK10  BANK11  BANK12  BANK13  BANK14  BANK15
      Params:         4       0       0       0       0       0       0       0       0       0       0       0       0       0       0       0       0
      Locals:         1       0       0       0       0       0       0       0       0       0       0       0       0       0       0       0       0
      Temps:          0       0       0       0       0       0       0       0       0       0       0       0       0       0       0       0       0
      Totals:         5       0       0       0       0       0       0       0       0       0       0       0       0       0       0       0       0
Total ram usage:        5 bytes
 Hardware stack levels used:    1
 Hardware stack levels required when called:    3
 This function calls:
		Nothing
 This function is called by:
		_update_display
 This function uses a non-reentrant model


 *************** function _send_message *****************
 Defined at:
		line 544 in file "main.c"
 Parameters:    Size  Location     Type
		None
 Auto vars:     Size  Location     Type
		None
 Return value:  Size  Location     Type
                  1    wreg      void 
 Registers used:
		wreg, fsr2l, fsr2h, status,2, status,0, cstack
 Tracked objects:
		On entry : 
		On exit  : 
		Unchanged: 
 Data sizes:     COMRAM   BANK0   BANK1   BANK2   BANK3   BANK4   BANK5   BANK6   BANK7   BANK8   BANK9  BANK10  BANK11  BANK12  BANK13  BANK14  BANK15
      Params:         0       0       0       0       0       0       0       0       0       0       0       0       0       0       0       0       0
      Locals:         0       0       0       0       0       0       0       0       0       0       0       0       0       0       0       0       0
      Temps:          0       0       0       0       0       0       0       0       0       0       0       0       0       0       0       0       0
      Totals:         0       0       0       0       0       0       0       0       0       0       0       0       0       0       0       0       0
Total ram usage:        0 bytes
 Hardware stack levels used:    1
 Hardware stack levels required when called:    4
 This function calls:
		___awdiv
		___awmod
		_buf_push
 This function is called by:
		_main
 This function uses a non-reentrant model


 *************** function _receive_message *****************
 Defined at:
		line 344 in file "main.c"
 Parameters:    Size  Location     Type
		None
 Auto vars:     Size  Location     Type
  c               1   44[COMRAM] unsigned char 
 Return value:  Size  Location     Type
                  1    wreg      void 
 Registers used:
		wreg, fsr1l, fsr1h, fsr2l, fsr2h, status,2, status,0, tblptrl, tblptrh, tblptru, prodl, prodh, cstack
 Tracked objects:
		On entry : 
		On exit  : 
		Unchanged: 
 Data sizes:     COMRAM   BANK0   BANK1   BANK2   BANK3   BANK4   BANK5   BANK6   BANK7   BANK8   BANK9  BANK10  BANK11  BANK12  BANK13  BANK14  BANK15
      Params:         0       0       0       0       0       0       0       0       0       0       0       0       0       0       0       0       0
      Locals:         1       0       0       0       0       0       0       0       0       0       0       0       0       0       0       0       0
      Temps:          0       0       0       0       0       0       0       0       0       0       0       0       0       0       0       0       0
      Totals:         1       0       0       0       0       0       0       0       0       0       0       0       0       0       0       0       0
Total ram usage:        1 bytes
 Hardware stack levels used:    1
 Hardware stack levels required when called:    6
 This function calls:
		_buf_isempty
		_buf_pop
		_disable_rxtx
		_enable_rxtx
		_eval_message
 This function is called by:
		_main
 This function uses a non-reentrant model


 *************** function _eval_message *****************
 Defined at:
		line 364 in file "main.c"
 Parameters:    Size  Location     Type
		None
 Auto vars:     Size  Location     Type
  fee             2    0[BANK0 ] int 
  slot_no         2    7[BANK0 ] int 
  id              2    2[BANK0 ] int 
  lvl_no          1    6[BANK0 ] unsigned char 
  tmp_slot        2   14[BANK0 ] int 
  id              2    9[BANK0 ] int 
  tmp_lvl         1   16[BANK0 ] unsigned char 
  tmp_slot        2   12[BANK0 ] int 
  id              2    4[BANK0 ] int 
  tmp_lvl         1   11[BANK0 ] unsigned char 
 Return value:  Size  Location     Type
                  1    wreg      void 
 Registers used:
		wreg, fsr1l, fsr1h, fsr2l, fsr2h, status,2, status,0, tblptrl, tblptrh, tblptru, prodl, prodh, cstack
 Tracked objects:
		On entry : 
		On exit  : 
		Unchanged: 
 Data sizes:     COMRAM   BANK0   BANK1   BANK2   BANK3   BANK4   BANK5   BANK6   BANK7   BANK8   BANK9  BANK10  BANK11  BANK12  BANK13  BANK14  BANK15
      Params:         0       0       0       0       0       0       0       0       0       0       0       0       0       0       0       0       0
      Locals:         0      17       0       0       0       0       0       0       0       0       0       0       0       0       0       0       0
      Temps:          8       0       0       0       0       0       0       0       0       0       0       0       0       0       0       0       0
      Totals:         8      17       0       0       0       0       0       0       0       0       0       0       0       0       0       0       0
Total ram usage:       25 bytes
 Hardware stack levels used:    1
 Hardware stack levels required when called:    5
 This function calls:
		___awdiv
		___awmod
		___lwdiv
		_buf_push
		_dequeue
		_disable_rxtx
		_enable_rxtx
		_enqueue
		_find_park_available_slot
		_find_parked
		_find_subscribed
		_is_same
 This function is called by:
		_receive_message
 This function uses a non-reentrant model


 *************** function _is_same *****************
 Defined at:
		line 284 in file "main.c"
 Parameters:    Size  Location     Type
  a               2   14[COMRAM] PTR const unsigned char 
		 -> buffer(20), 
  b               2   16[COMRAM] PTR const unsigned char 
		 -> STR_10(4), STR_8(4), STR_6(4), STR_4(4), 
		 -> STR_2(3), 
  n               2   18[COMRAM] int 
 Auto vars:     Size  Location     Type
  k               2   23[COMRAM] int 
 Return value:  Size  Location     Type
                  2   14[COMRAM] int 
 Registers used:
		wreg, fsr2l, fsr2h, status,2, status,0, tblptrl, tblptrh, tblptru
 Tracked objects:
		On entry : 
		On exit  : 
		Unchanged: 
 Data sizes:     COMRAM   BANK0   BANK1   BANK2   BANK3   BANK4   BANK5   BANK6   BANK7   BANK8   BANK9  BANK10  BANK11  BANK12  BANK13  BANK14  BANK15
      Params:         6       0       0       0       0       0       0       0       0       0       0       0       0       0       0       0       0
      Locals:         2       0       0       0       0       0       0       0       0       0       0       0       0       0       0       0       0
      Temps:          3       0       0       0       0       0       0       0       0       0       0       0       0       0       0       0       0
      Totals:        11       0       0       0       0       0       0       0       0       0       0       0       0       0       0       0       0
Total ram usage:       11 bytes
 Hardware stack levels used:    1
 Hardware stack levels required when called:    3
 This function calls:
		Nothing
 This function is called by:
		_eval_message
 This function uses a non-reentrant model


 *************** function _find_subscribed *****************
 Defined at:
		line 145 in file "main.c"
 Parameters:    Size  Location     Type
  level           2   20[COMRAM] PTR unsigned char 
		 -> eval_message@tmp_lvl(1), 
  slot            2   22[COMRAM] PTR int 
		 -> eval_message@tmp_slot(2), 
  id              2   24[COMRAM] int 
 Auto vars:     Size  Location     Type
  j               2   34[COMRAM] int 
  k               2   32[COMRAM] int 
 Return value:  Size  Location     Type
                  2   20[COMRAM] int 
 Registers used:
		wreg, fsr1l, fsr1h, fsr2l, fsr2h, status,2, status,0, prodl, prodh, cstack
 Tracked objects:
		On entry : 
		On exit  : 
		Unchanged: 
 Data sizes:     COMRAM   BANK0   BANK1   BANK2   BANK3   BANK4   BANK5   BANK6   BANK7   BANK8   BANK9  BANK10  BANK11  BANK12  BANK13  BANK14  BANK15
      Params:         6       0       0       0       0       0       0       0       0       0       0       0       0       0       0       0       0
      Locals:         4       0       0       0       0       0       0       0       0       0       0       0       0       0       0       0       0
      Temps:          6       0       0       0       0       0       0       0       0       0       0       0       0       0       0       0       0
      Totals:        16       0       0       0       0       0       0       0       0       0       0       0       0       0       0       0       0
Total ram usage:       16 bytes
 Hardware stack levels used:    1
 Hardware stack levels required when called:    4
 This function calls:
		___wmul
 This function is called by:
		_eval_message
 This function uses a non-reentrant model


 *************** function _find_parked *****************
 Defined at:
		line 163 in file "main.c"
 Parameters:    Size  Location     Type
  id              2   20[COMRAM] int 
  level           2   22[COMRAM] PTR unsigned char 
		 -> eval_message@tmp_lvl_687(1), 
  slot            2   24[COMRAM] PTR int 
		 -> eval_message@tmp_slot_686(2), 
 Auto vars:     Size  Location     Type
  j               2   34[COMRAM] int 
  k               2   32[COMRAM] int 
 Return value:  Size  Location     Type
                  1    wreg      void 
 Registers used:
		wreg, fsr1l, fsr1h, fsr2l, fsr2h, status,2, status,0, prodl, prodh, cstack
 Tracked objects:
		On entry : 
		On exit  : 
		Unchanged: 
 Data sizes:     COMRAM   BANK0   BANK1   BANK2   BANK3   BANK4   BANK5   BANK6   BANK7   BANK8   BANK9  BANK10  BANK11  BANK12  BANK13  BANK14  BANK15
      Params:         6       0       0       0       0       0       0       0       0       0       0       0       0       0       0       0       0
      Locals:         4       0       0       0       0       0       0       0       0       0       0       0       0       0       0       0       0
      Temps:          6       0       0       0       0       0       0       0       0       0       0       0       0       0       0       0       0
      Totals:        16       0       0       0       0       0       0       0       0       0       0       0       0       0       0       0       0
Total ram usage:       16 bytes
 Hardware stack levels used:    1
 Hardware stack levels required when called:    4
 This function calls:
		___wmul
 This function is called by:
		_eval_message
 This function uses a non-reentrant model


 *************** function _find_park_available_slot *****************
 Defined at:
		line 121 in file "main.c"
 Parameters:    Size  Location     Type
  level           2   20[COMRAM] PTR unsigned char 
		 -> eval_message@tmp_lvl(1), 
  slot            2   22[COMRAM] PTR int 
		 -> eval_message@tmp_slot(2), 
  temp_id         2   24[COMRAM] int 
 Auto vars:     Size  Location     Type
  j               2   32[COMRAM] int 
  k               2   34[COMRAM] int 
 Return value:  Size  Location     Type
                  2   20[COMRAM] int 
 Registers used:
		wreg, fsr1l, fsr1h, fsr2l, fsr2h, status,2, status,0, prodl, prodh, cstack
 Tracked objects:
		On entry : 
		On exit  : 
		Unchanged: 
 Data sizes:     COMRAM   BANK0   BANK1   BANK2   BANK3   BANK4   BANK5   BANK6   BANK7   BANK8   BANK9  BANK10  BANK11  BANK12  BANK13  BANK14  BANK15
      Params:         6       0       0       0       0       0       0       0       0       0       0       0       0       0       0       0       0
      Locals:         4       0       0       0       0       0       0       0       0       0       0       0       0       0       0       0       0
      Temps:          6       0       0       0       0       0       0       0       0       0       0       0       0       0       0       0       0
      Totals:        16       0       0       0       0       0       0       0       0       0       0       0       0       0       0       0       0
Total ram usage:       16 bytes
 Hardware stack levels used:    1
 Hardware stack levels required when called:    4
 This function calls:
		___wmul
 This function is called by:
		_eval_message
 This function uses a non-reentrant model


 *************** function _enqueue *****************
 Defined at:
		line 227 in file "main.c"
 Parameters:    Size  Location     Type
  car_id          2   14[COMRAM] int 
 Auto vars:     Size  Location     Type
		None
 Return value:  Size  Location     Type
                  1    wreg      void 
 Registers used:
		wreg, fsr2l, fsr2h, status,2, status,0
 Tracked objects:
		On entry : 
		On exit  : 
		Unchanged: 
 Data sizes:     COMRAM   BANK0   BANK1   BANK2   BANK3   BANK4   BANK5   BANK6   BANK7   BANK8   BANK9  BANK10  BANK11  BANK12  BANK13  BANK14  BANK15
      Params:         2       0       0       0       0       0       0       0       0       0       0       0       0       0       0       0       0
      Locals:         0       0       0       0       0       0       0       0       0       0       0       0       0       0       0       0       0
      Temps:          0       0       0       0       0       0       0       0       0       0       0       0       0       0       0       0       0
      Totals:         2       0       0       0       0       0       0       0       0       0       0       0       0       0       0       0       0
Total ram usage:        2 bytes
 Hardware stack levels used:    1
 Hardware stack levels required when called:    3
 This function calls:
		Nothing
 This function is called by:
		_eval_message
 This function uses a non-reentrant model


 *************** function _enable_rxtx *****************
 Defined at:
		line 110 in file "main.c"
 Parameters:    Size  Location     Type
		None
 Auto vars:     Size  Location     Type
		None
 Return value:  Size  Location     Type
                  1    wreg      void 
 Registers used:
		None
 Tracked objects:
		On entry : 
		On exit  : 
		Unchanged: 
 Data sizes:     COMRAM   BANK0   BANK1   BANK2   BANK3   BANK4   BANK5   BANK6   BANK7   BANK8   BANK9  BANK10  BANK11  BANK12  BANK13  BANK14  BANK15
      Params:         0       0       0       0       0       0       0       0       0       0       0       0       0       0       0       0       0
      Locals:         0       0       0       0       0       0       0       0       0       0       0       0       0       0       0       0       0
      Temps:          0       0       0       0       0       0       0       0       0       0       0       0       0       0       0       0       0
      Totals:         0       0       0       0       0       0       0       0       0       0       0       0       0       0       0       0       0
Total ram usage:        0 bytes
 Hardware stack levels used:    1
 Hardware stack levels required when called:    3
 This function calls:
		Nothing
 This function is called by:
		_receive_message
		_eval_message
 This function uses a non-reentrant model


 *************** function _disable_rxtx *****************
 Defined at:
		line 108 in file "main.c"
 Parameters:    Size  Location     Type
		None
 Auto vars:     Size  Location     Type
		None
 Return value:  Size  Location     Type
                  1    wreg      void 
 Registers used:
		None
 Tracked objects:
		On entry : 
		On exit  : 
		Unchanged: 
 Data sizes:     COMRAM   BANK0   BANK1   BANK2   BANK3   BANK4   BANK5   BANK6   BANK7   BANK8   BANK9  BANK10  BANK11  BANK12  BANK13  BANK14  BANK15
      Params:         0       0       0       0       0       0       0       0       0       0       0       0       0       0       0       0       0
      Locals:         0       0       0       0       0       0       0       0       0       0       0       0       0       0       0       0       0
      Temps:          0       0       0       0       0       0       0       0       0       0       0       0       0       0       0       0       0
      Totals:         0       0       0       0       0       0       0       0       0       0       0       0       0       0       0       0       0
Total ram usage:        0 bytes
 Hardware stack levels used:    1
 Hardware stack levels required when called:    3
 This function calls:
		Nothing
 This function is called by:
		_receive_message
		_eval_message
 This function uses a non-reentrant model


 *************** function _dequeue *****************
 Defined at:
		line 235 in file "main.c"
 Parameters:    Size  Location     Type
		None
 Auto vars:     Size  Location     Type
  i               2   19[COMRAM] int 
  car_id          2   17[COMRAM] int 
 Return value:  Size  Location     Type
                  2   14[COMRAM] int 
 Registers used:
		wreg, fsr1l, fsr1h, fsr2l, fsr2h, status,2, status,0
 Tracked objects:
		On entry : 
		On exit  : 
		Unchanged: 
 Data sizes:     COMRAM   BANK0   BANK1   BANK2   BANK3   BANK4   BANK5   BANK6   BANK7   BANK8   BANK9  BANK10  BANK11  BANK12  BANK13  BANK14  BANK15
      Params:         2       0       0       0       0       0       0       0       0       0       0       0       0       0       0       0       0
      Locals:         4       0       0       0       0       0       0       0       0       0       0       0       0       0       0       0       0
      Temps:          1       0       0       0       0       0       0       0       0       0       0       0       0       0       0       0       0
      Totals:         7       0       0       0       0       0       0       0       0       0       0       0       0       0       0       0       0
Total ram usage:        7 bytes
 Hardware stack levels used:    1
 Hardware stack levels required when called:    3
 This function calls:
		Nothing
 This function is called by:
		_eval_message
 This function uses a non-reentrant model


 *************** function _buf_push *****************
 Defined at:
		line 257 in file "main.c"
 Parameters:    Size  Location     Type
  v               1    wreg     unsigned char 
  buf             1   28[COMRAM] enum E4894
 Auto vars:     Size  Location     Type
  v               1   31[COMRAM] unsigned char 
 Return value:  Size  Location     Type
                  1    wreg      void 
 Registers used:
		wreg, fsr2l, fsr2h, status,2, status,0
 Tracked objects:
		On entry : 
		On exit  : 
		Unchanged: 
 Data sizes:     COMRAM   BANK0   BANK1   BANK2   BANK3   BANK4   BANK5   BANK6   BANK7   BANK8   BANK9  BANK10  BANK11  BANK12  BANK13  BANK14  BANK15
      Params:         1       0       0       0       0       0       0       0       0       0       0       0       0       0       0       0       0
      Locals:         1       0       0       0       0       0       0       0       0       0       0       0       0       0       0       0       0
      Temps:          2       0       0       0       0       0       0       0       0       0       0       0       0       0       0       0       0
      Totals:         4       0       0       0       0       0       0       0       0       0       0       0       0       0       0       0       0
Total ram usage:        4 bytes
 Hardware stack levels used:    1
 Hardware stack levels required when called:    3
 This function calls:
		Nothing
 This function is called by:
		_eval_message
		_send_message
 This function uses a non-reentrant model


 *************** function ___lwdiv *****************
 Defined at:
		line 7 in file "/opt/microchip/xc8/v2.30/pic/sources/c99/common/lwdiv.c"
 Parameters:    Size  Location     Type
  dividend        2   14[COMRAM] unsigned int 
  divisor         2   16[COMRAM] unsigned int 
 Auto vars:     Size  Location     Type
  quotient        2   19[COMRAM] unsigned int 
  counter         1   18[COMRAM] unsigned char 
 Return value:  Size  Location     Type
                  2   14[COMRAM] unsigned int 
 Registers used:
		wreg, status,2, status,0
 Tracked objects:
		On entry : 
		On exit  : 
		Unchanged: 
 Data sizes:     COMRAM   BANK0   BANK1   BANK2   BANK3   BANK4   BANK5   BANK6   BANK7   BANK8   BANK9  BANK10  BANK11  BANK12  BANK13  BANK14  BANK15
      Params:         4       0       0       0       0       0       0       0       0       0       0       0       0       0       0       0       0
      Locals:         3       0       0       0       0       0       0       0       0       0       0       0       0       0       0       0       0
      Temps:          0       0       0       0       0       0       0       0       0       0       0       0       0       0       0       0       0
      Totals:         7       0       0       0       0       0       0       0       0       0       0       0       0       0       0       0       0
Total ram usage:        7 bytes
 Hardware stack levels used:    1
 Hardware stack levels required when called:    3
 This function calls:
		Nothing
 This function is called by:
		_update_display
		_eval_message
 This function uses a non-reentrant model


 *************** function ___awmod *****************
 Defined at:
		line 7 in file "/opt/microchip/xc8/v2.30/pic/sources/c99/common/awmod.c"
 Parameters:    Size  Location     Type
  dividend        2   22[COMRAM] int 
  divisor         2   24[COMRAM] int 
 Auto vars:     Size  Location     Type
  sign            1   27[COMRAM] unsigned char 
  counter         1   26[COMRAM] unsigned char 
 Return value:  Size  Location     Type
                  2   22[COMRAM] int 
 Registers used:
		wreg, status,2, status,0
 Tracked objects:
		On entry : 
		On exit  : 
		Unchanged: 
 Data sizes:     COMRAM   BANK0   BANK1   BANK2   BANK3   BANK4   BANK5   BANK6   BANK7   BANK8   BANK9  BANK10  BANK11  BANK12  BANK13  BANK14  BANK15
      Params:         4       0       0       0       0       0       0       0       0       0       0       0       0       0       0       0       0
      Locals:         2       0       0       0       0       0       0       0       0       0       0       0       0       0       0       0       0
      Temps:          0       0       0       0       0       0       0       0       0       0       0       0       0       0       0       0       0
      Totals:         6       0       0       0       0       0       0       0       0       0       0       0       0       0       0       0       0
Total ram usage:        6 bytes
 Hardware stack levels used:    1
 Hardware stack levels required when called:    3
 This function calls:
		Nothing
 This function is called by:
		_update_display
		_eval_message
		_send_message
 This function uses a non-reentrant model


 *************** function ___awdiv *****************
 Defined at:
		line 7 in file "/opt/microchip/xc8/v2.30/pic/sources/c99/common/awdiv.c"
 Parameters:    Size  Location     Type
  dividend        2   14[COMRAM] int 
  divisor         2   16[COMRAM] int 
 Auto vars:     Size  Location     Type
  quotient        2   20[COMRAM] int 
  sign            1   19[COMRAM] unsigned char 
  counter         1   18[COMRAM] unsigned char 
 Return value:  Size  Location     Type
                  2   14[COMRAM] int 
 Registers used:
		wreg, status,2, status,0
 Tracked objects:
		On entry : 
		On exit  : 
		Unchanged: 
 Data sizes:     COMRAM   BANK0   BANK1   BANK2   BANK3   BANK4   BANK5   BANK6   BANK7   BANK8   BANK9  BANK10  BANK11  BANK12  BANK13  BANK14  BANK15
      Params:         4       0       0       0       0       0       0       0       0       0       0       0       0       0       0       0       0
      Locals:         4       0       0       0       0       0       0       0       0       0       0       0       0       0       0       0       0
      Temps:          0       0       0       0       0       0       0       0       0       0       0       0       0       0       0       0       0
      Totals:         8       0       0       0       0       0       0       0       0       0       0       0       0       0       0       0       0
Total ram usage:        8 bytes
 Hardware stack levels used:    1
 Hardware stack levels required when called:    3
 This function calls:
		Nothing
 This function is called by:
		_update_display
		_eval_message
		_send_message
 This function uses a non-reentrant model


 *************** function _buf_pop *****************
 Defined at:
		line 268 in file "main.c"
 Parameters:    Size  Location     Type
  buf             1    wreg     enum E4894
 Auto vars:     Size  Location     Type
  buf             1   22[COMRAM] enum E4894
  v               1   21[COMRAM] unsigned char 
 Return value:  Size  Location     Type
                  1    wreg      unsigned char 
 Registers used:
		wreg, fsr1l, fsr1h, fsr2l, fsr2h, status,2, status,0, cstack
 Tracked objects:
		On entry : 
		On exit  : 
		Unchanged: 
 Data sizes:     COMRAM   BANK0   BANK1   BANK2   BANK3   BANK4   BANK5   BANK6   BANK7   BANK8   BANK9  BANK10  BANK11  BANK12  BANK13  BANK14  BANK15
      Params:         0       0       0       0       0       0       0       0       0       0       0       0       0       0       0       0       0
      Locals:         2       0       0       0       0       0       0       0       0       0       0       0       0       0       0       0       0
      Temps:          2       0       0       0       0       0       0       0       0       0       0       0       0       0       0       0       0
      Totals:         4       0       0       0       0       0       0       0       0       0       0       0       0       0       0       0       0
Total ram usage:        4 bytes
 Hardware stack levels used:    1
 Hardware stack levels required when called:    4
 This function calls:
		_buf_isempty
 This function is called by:
		_receive_message
 This function uses a non-reentrant model


 *************** function _buf_isempty *****************
 Defined at:
		line 249 in file "main.c"
 Parameters:    Size  Location     Type
  typ             1    wreg     enum E4894
 Auto vars:     Size  Location     Type
  typ             1   18[COMRAM] enum E4894
 Return value:  Size  Location     Type
                  2   14[COMRAM] int 
 Registers used:
		wreg, fsr1l, fsr1h, fsr2l, fsr2h, status,2, status,0
 Tracked objects:
		On entry : 
		On exit  : 
		Unchanged: 
 Data sizes:     COMRAM   BANK0   BANK1   BANK2   BANK3   BANK4   BANK5   BANK6   BANK7   BANK8   BANK9  BANK10  BANK11  BANK12  BANK13  BANK14  BANK15
      Params:         2       0       0       0       0       0       0       0       0       0       0       0       0       0       0       0       0
      Locals:         1       0       0       0       0       0       0       0       0       0       0       0       0       0       0       0       0
      Temps:          2       0       0       0       0       0       0       0       0       0       0       0       0       0       0       0       0
      Totals:         5       0       0       0       0       0       0       0       0       0       0       0       0       0       0       0       0
Total ram usage:        5 bytes
 Hardware stack levels used:    1
 Hardware stack levels required when called:    3
 This function calls:
		Nothing
 This function is called by:
		_buf_pop
		_receive_message
 This function uses a non-reentrant model


 *************** function _init_ports *****************
 Defined at:
		line 303 in file "main.c"
 Parameters:    Size  Location     Type
		None
 Auto vars:     Size  Location     Type
		None
 Return value:  Size  Location     Type
                  1    wreg      void 
 Registers used:
		wreg, status,2
 Tracked objects:
		On entry : 
		On exit  : 
		Unchanged: 
 Data sizes:     COMRAM   BANK0   BANK1   BANK2   BANK3   BANK4   BANK5   BANK6   BANK7   BANK8   BANK9  BANK10  BANK11  BANK12  BANK13  BANK14  BANK15
      Params:         0       0       0       0       0       0       0       0       0       0       0       0       0       0       0       0       0
      Locals:         0       0       0       0       0       0       0       0       0       0       0       0       0       0       0       0       0
      Temps:          0       0       0       0       0       0       0       0       0       0       0       0       0       0       0       0       0
      Totals:         0       0       0       0       0       0       0       0       0       0       0       0       0       0       0       0       0
Total ram usage:        0 bytes
 Hardware stack levels used:    1
 Hardware stack levels required when called:    3
 This function calls:
		Nothing
 This function is called by:
		_main
 This function uses a non-reentrant model


 *************** function _init_others *****************
 Defined at:
		line 310 in file "main.c"
 Parameters:    Size  Location     Type
		None
 Auto vars:     Size  Location     Type
  k               2   20[COMRAM] int 
 Return value:  Size  Location     Type
                  1    wreg      void 
 Registers used:
		wreg, fsr2l, fsr2h, status,2, status,0, prodl, prodh, cstack
 Tracked objects:
		On entry : 
		On exit  : 
		Unchanged: 
 Data sizes:     COMRAM   BANK0   BANK1   BANK2   BANK3   BANK4   BANK5   BANK6   BANK7   BANK8   BANK9  BANK10  BANK11  BANK12  BANK13  BANK14  BANK15
      Params:         0       0       0       0       0       0       0       0       0       0       0       0       0       0       0       0       0
      Locals:         2       0       0       0       0       0       0       0       0       0       0       0       0       0       0       0       0
      Temps:          0       0       0       0       0       0       0       0       0       0       0       0       0       0       0       0       0
      Totals:         2       0       0       0       0       0       0       0       0       0       0       0       0       0       0       0       0
Total ram usage:        2 bytes
 Hardware stack levels used:    1
 Hardware stack levels required when called:    4
 This function calls:
		___wmul
 This function is called by:
		_main
 This function uses a non-reentrant model


 *************** function ___wmul *****************
 Defined at:
		line 15 in file "/opt/microchip/xc8/v2.30/pic/sources/c99/common/Umul16.c"
 Parameters:    Size  Location     Type
  multiplier      2   14[COMRAM] unsigned int 
  multiplicand    2   16[COMRAM] unsigned int 
 Auto vars:     Size  Location     Type
  product         2   18[COMRAM] unsigned int 
 Return value:  Size  Location     Type
                  2   14[COMRAM] unsigned int 
 Registers used:
		wreg, status,2, status,0, prodl, prodh
 Tracked objects:
		On entry : 
		On exit  : 
		Unchanged: 
 Data sizes:     COMRAM   BANK0   BANK1   BANK2   BANK3   BANK4   BANK5   BANK6   BANK7   BANK8   BANK9  BANK10  BANK11  BANK12  BANK13  BANK14  BANK15
      Params:         4       0       0       0       0       0       0       0       0       0       0       0       0       0       0       0       0
      Locals:         2       0       0       0       0       0       0       0       0       0       0       0       0       0       0       0       0
      Temps:          0       0       0       0       0       0       0       0       0       0       0       0       0       0       0       0       0
      Totals:         6       0       0       0       0       0       0       0       0       0       0       0       0       0       0       0       0
Total ram usage:        6 bytes
 Hardware stack levels used:    1
 Hardware stack levels required when called:    3
 This function calls:
		Nothing
 This function is called by:
		_find_park_available_slot
		_find_subscribed
		_find_parked
		_update_display
		_init_others
 This function uses a non-reentrant model


 *************** function _init_adc *****************
 Defined at:
		line 293 in file "main.c"
 Parameters:    Size  Location     Type
		None
 Auto vars:     Size  Location     Type
		None
 Return value:  Size  Location     Type
                  1    wreg      void 
 Registers used:
		wreg, status,2
 Tracked objects:
		On entry : 
		On exit  : 
		Unchanged: 
 Data sizes:     COMRAM   BANK0   BANK1   BANK2   BANK3   BANK4   BANK5   BANK6   BANK7   BANK8   BANK9  BANK10  BANK11  BANK12  BANK13  BANK14  BANK15
      Params:         0       0       0       0       0       0       0       0       0       0       0       0       0       0       0       0       0
      Locals:         0       0       0       0       0       0       0       0       0       0       0       0       0       0       0       0       0
      Temps:          0       0       0       0       0       0       0       0       0       0       0       0       0       0       0       0       0
      Totals:         0       0       0       0       0       0       0       0       0       0       0       0       0       0       0       0       0
Total ram usage:        0 bytes
 Hardware stack levels used:    1
 Hardware stack levels required when called:    3
 This function calls:
		Nothing
 This function is called by:
		_main
 This function uses a non-reentrant model


 *************** function _check_level *****************
 Defined at:
		line 564 in file "main.c"
 Parameters:    Size  Location     Type
		None
 Auto vars:     Size  Location     Type
  adc_val         2   16[COMRAM] unsigned int 
 Return value:  Size  Location     Type
                  1    wreg      void 
 Registers used:
		wreg, status,2, status,0
 Tracked objects:
		On entry : 
		On exit  : 
		Unchanged: 
 Data sizes:     COMRAM   BANK0   BANK1   BANK2   BANK3   BANK4   BANK5   BANK6   BANK7   BANK8   BANK9  BANK10  BANK11  BANK12  BANK13  BANK14  BANK15
      Params:         0       0       0       0       0       0       0       0       0       0       0       0       0       0       0       0       0
      Locals:         2       0       0       0       0       0       0       0       0       0       0       0       0       0       0       0       0
      Temps:          2       0       0       0       0       0       0       0       0       0       0       0       0       0       0       0       0
      Totals:         4       0       0       0       0       0       0       0       0       0       0       0       0       0       0       0       0
Total ram usage:        4 bytes
 Hardware stack levels used:    1
 Hardware stack levels required when called:    3
 This function calls:
		Nothing
 This function is called by:
		_main
 This function uses a non-reentrant model


 *************** function _HandleInterrupt *****************
 Defined at:
		line 583 in file "main.c"
 Parameters:    Size  Location     Type
		None
 Auto vars:     Size  Location     Type
  c               1   13[COMRAM] unsigned char 
 Return value:  Size  Location     Type
                  1    wreg      void 
 Registers used:
		wreg, fsr1l, fsr1h, fsr2l, fsr2h, status,2, status,0, cstack
 Tracked objects:
		On entry : 
		On exit  : 
		Unchanged: 
 Data sizes:     COMRAM   BANK0   BANK1   BANK2   BANK3   BANK4   BANK5   BANK6   BANK7   BANK8   BANK9  BANK10  BANK11  BANK12  BANK13  BANK14  BANK15
      Params:         0       0       0       0       0       0       0       0       0       0       0       0       0       0       0       0       0
      Locals:         1       0       0       0       0       0       0       0       0       0       0       0       0       0       0       0       0
      Temps:          4       0       0       0       0       0       0       0       0       0       0       0       0       0       0       0       0
      Totals:         5       0       0       0       0       0       0       0       0       0       0       0       0       0       0       0       0
Total ram usage:        5 bytes
 Hardware stack levels used:    1
 Hardware stack levels required when called:    2
 This function calls:
		_disable_i
		_enable_i
		i2_buf_isempty
		i2_buf_pop
		i2_buf_push
 This function is called by:
		Interrupt level 2
 This function uses a non-reentrant model


 *************** function i2_buf_push *****************
 Defined at:
		line 257 in file "main.c"
 Parameters:    Size  Location     Type
  v               1    wreg     unsigned char 
  buf             1    0[COMRAM] enum E4894
 Auto vars:     Size  Location     Type
  v               1    3[COMRAM] unsigned char 
 Return value:  Size  Location     Type
                  1    wreg      void 
 Registers used:
		wreg, fsr2l, fsr2h, status,2, status,0
 Tracked objects:
		On entry : 
		On exit  : 
		Unchanged: 
 Data sizes:     COMRAM   BANK0   BANK1   BANK2   BANK3   BANK4   BANK5   BANK6   BANK7   BANK8   BANK9  BANK10  BANK11  BANK12  BANK13  BANK14  BANK15
      Params:         1       0       0       0       0       0       0       0       0       0       0       0       0       0       0       0       0
      Locals:         1       0       0       0       0       0       0       0       0       0       0       0       0       0       0       0       0
      Temps:          2       0       0       0       0       0       0       0       0       0       0       0       0       0       0       0       0
      Totals:         4       0       0       0       0       0       0       0       0       0       0       0       0       0       0       0       0
Total ram usage:        4 bytes
 Hardware stack levels used:    1
 This function calls:
		Nothing
 This function is called by:
		_HandleInterrupt
 This function uses a non-reentrant model


 *************** function i2_buf_pop *****************
 Defined at:
		line 268 in file "main.c"
 Parameters:    Size  Location     Type
  buf             1    wreg     enum E4894
 Auto vars:     Size  Location     Type
  buf             1    8[COMRAM] enum E4894
  v               1    7[COMRAM] unsigned char 
 Return value:  Size  Location     Type
                  1    wreg      unsigned char 
 Registers used:
		wreg, fsr1l, fsr1h, fsr2l, fsr2h, status,2, status,0, cstack
 Tracked objects:
		On entry : 
		On exit  : 
		Unchanged: 
 Data sizes:     COMRAM   BANK0   BANK1   BANK2   BANK3   BANK4   BANK5   BANK6   BANK7   BANK8   BANK9  BANK10  BANK11  BANK12  BANK13  BANK14  BANK15
      Params:         0       0       0       0       0       0       0       0       0       0       0       0       0       0       0       0       0
      Locals:         2       0       0       0       0       0       0       0       0       0       0       0       0       0       0       0       0
      Temps:          2       0       0       0       0       0       0       0       0       0       0       0       0       0       0       0       0
      Totals:         4       0       0       0       0       0       0       0       0       0       0       0       0       0       0       0       0
Total ram usage:        4 bytes
 Hardware stack levels used:    1
 Hardware stack levels required when called:    1
 This function calls:
		i2_buf_isempty
 This function is called by:
		_HandleInterrupt
 This function uses a non-reentrant model


 *************** function i2_buf_isempty *****************
 Defined at:
		line 249 in file "main.c"
 Parameters:    Size  Location     Type
  typ             1    wreg     enum E4894
 Auto vars:     Size  Location     Type
  typ             1    4[COMRAM] enum E4894
 Return value:  Size  Location     Type
                  2    0[COMRAM] int 
 Registers used:
		wreg, fsr1l, fsr1h, fsr2l, fsr2h, status,2, status,0
 Tracked objects:
		On entry : 
		On exit  : 
		Unchanged: 
 Data sizes:     COMRAM   BANK0   BANK1   BANK2   BANK3   BANK4   BANK5   BANK6   BANK7   BANK8   BANK9  BANK10  BANK11  BANK12  BANK13  BANK14  BANK15
      Params:         2       0       0       0       0       0       0       0       0       0       0       0       0       0       0       0       0
      Locals:         1       0       0       0       0       0       0       0       0       0       0       0       0       0       0       0       0
      Temps:          2       0       0       0       0       0       0       0       0       0       0       0       0       0       0       0       0
      Totals:         5       0       0       0       0       0       0       0       0       0       0       0       0       0       0       0       0
Total ram usage:        5 bytes
 Hardware stack levels used:    1
 This function calls:
		Nothing
 This function is called by:
		_HandleInterrupt
		i2_buf_pop
 This function uses a non-reentrant model


 *************** function _enable_i *****************
 Defined at:
		line 114 in file "main.c"
 Parameters:    Size  Location     Type
		None
 Auto vars:     Size  Location     Type
		None
 Return value:  Size  Location     Type
                  1    wreg      void 
 Registers used:
		None
 Tracked objects:
		On entry : 
		On exit  : 
		Unchanged: 
 Data sizes:     COMRAM   BANK0   BANK1   BANK2   BANK3   BANK4   BANK5   BANK6   BANK7   BANK8   BANK9  BANK10  BANK11  BANK12  BANK13  BANK14  BANK15
      Params:         0       0       0       0       0       0       0       0       0       0       0       0       0       0       0       0       0
      Locals:         0       0       0       0       0       0       0       0       0       0       0       0       0       0       0       0       0
      Temps:          0       0       0       0       0       0       0       0       0       0       0       0       0       0       0       0       0
      Totals:         0       0       0       0       0       0       0       0       0       0       0       0       0       0       0       0       0
Total ram usage:        0 bytes
 Hardware stack levels used:    1
 This function calls:
		Nothing
 This function is called by:
		_HandleInterrupt
 This function uses a non-reentrant model


 *************** function _disable_i *****************
 Defined at:
		line 112 in file "main.c"
 Parameters:    Size  Location     Type
		None
 Auto vars:     Size  Location     Type
		None
 Return value:  Size  Location     Type
                  1    wreg      void 
 Registers used:
		None
 Tracked objects:
		On entry : 
		On exit  : 
		Unchanged: 
 Data sizes:     COMRAM   BANK0   BANK1   BANK2   BANK3   BANK4   BANK5   BANK6   BANK7   BANK8   BANK9  BANK10  BANK11  BANK12  BANK13  BANK14  BANK15
      Params:         0       0       0       0       0       0       0       0       0       0       0       0       0       0       0       0       0
      Locals:         0       0       0       0       0       0       0       0       0       0       0       0       0       0       0       0       0
      Temps:          0       0       0       0       0       0       0       0       0       0       0       0       0       0       0       0       0
      Totals:         0       0       0       0       0       0       0       0       0       0       0       0       0       0       0       0       0
Total ram usage:        0 bytes
 Hardware stack levels used:    1
 This function calls:
		Nothing
 This function is called by:
		_HandleInterrupt
 This function uses a non-reentrant model



MODULE INFORMATION

Module		Function		Class		Link	Load	Size
/opt/microchip/xc8/v2.30/pic/sources/c99/common/lwmod.c
		___lwmod       		CODE           	33E2	0000	100

/opt/microchip/xc8/v2.30/pic/sources/c99/common/lwmod.c estimated size: 100

/opt/microchip/xc8/v2.30/pic/sources/c99/common/awmod.c
		___awmod       		CODE           	2DE4	0000	176

/opt/microchip/xc8/v2.30/pic/sources/c99/common/awmod.c estimated size: 176

shared
		i2_buf_pop     		CODE           	306E	0000	150
		i2_buf_push    		CODE           	32F8	0000	118
		__initialization		CODE           	3188	0000	108
		i2_buf_isempty 		CODE           	3488	0000	66
		_seg_list      		SMALLCONST     	1001	0000	10

shared estimated size: 452

/opt/microchip/xc8/v2.30/pic/sources/c99/common/lwdiv.c
		___lwdiv       		CODE           	336E	0000	116

/opt/microchip/xc8/v2.30/pic/sources/c99/common/lwdiv.c estimated size: 116

/opt/microchip/xc8/v2.30/pic/sources/c99/common/awdiv.c
		___awdiv       		CODE           	2D20	0000	196

/opt/microchip/xc8/v2.30/pic/sources/c99/common/awdiv.c estimated size: 196

/opt/microchip/xc8/v2.30/pic/sources/c99/common/Umul16.c
		___wmul        		CODE           	3508	0000	38

/opt/microchip/xc8/v2.30/pic/sources/c99/common/Umul16.c estimated size: 38

main.c
		_receive_message		CODE           	2B80	0000	212
		_disable_i     		CODE           	356A	0000	6
		_send_message  		CODE           	2E94	0000	170
		_disable_rxtx  		CODE           	355E	0000	6
		_main          		CODE           	294C	0000	290
		_init_ports    		CODE           	354A	0000	14
		_is_same       		CODE           	3206	0000	124
		_buf_isempty   		CODE           	3446	0000	66
		_dequeue       		CODE           	2F3E	0000	154
		_find_parked   		CODE           	27EC	0000	352
		_HandleInterrupt		CODE           	0008	0000	280
		_init_others   		CODE           	2C54	0000	204
		_eval_message  		CODE           	1020	0000	4390
		_enqueue       		CODE           	34CA	0000	62
		_init_adc      		CODE           	352E	0000	28
		_find_park_available_slot		CODE           	2146	0000	780
		_check_level   		CODE           	3104	0000	132
		_find_subscribed		CODE           	267C	0000	368
		_buf_pop       		CODE           	2FD8	0000	150
		_update_display		CODE           	2452	0000	554
		_enable_i      		CODE           	3564	0000	6
		_buf_push      		CODE           	3282	0000	118
		_enable_rxtx   		CODE           	3558	0000	6

main.c estimated size: 8472

